Component: ARM Compiler 5.06 update 6 (build 750) Tool: armlink [4d35ed]

==============================================================================

Section Cross References

    main.o(i.ConfigureUART) refers to sysctl.o(i.SysCtlPeripheralEnable) for SysCtlPeripheralEnable
    main.o(i.ConfigureUART) refers to gpio.o(i.GPIOPinConfigure) for GPIOPinConfigure
    main.o(i.ConfigureUART) refers to gpio.o(i.GPIOPinTypeUART) for GPIOPinTypeUART
    main.o(i.ConfigureUART) refers to uart.o(i.UARTClockSourceSet) for UARTClockSourceSet
    main.o(i.ConfigureUART) refers to uartstdio.o(i.UARTStdioConfig) for UARTStdioConfig
    main.o(i.UARTprintGateKeeper) refers to _printf_percent.o(.ARM.Collect$$_printf_percent$$00000000) for _printf_percent
    main.o(i.UARTprintGateKeeper) refers to _printf_d.o(.ARM.Collect$$_printf_percent$$00000009) for _printf_d
    main.o(i.UARTprintGateKeeper) refers to _printf_dec.o(.text) for _printf_int_dec
    main.o(i.UARTprintGateKeeper) refers to noretval__2sprintf.o(.text) for __2sprintf
    main.o(i.UARTprintGateKeeper) refers to strcat.o(.text) for strcat
    main.o(i.UARTprintGateKeeper) refers to uartstdio.o(i.UARTprintf) for UARTprintf
    main.o(i.UARTprintGateKeeper) refers to queue.o(i.xQueueReceive) for xQueueReceive
    main.o(i.UARTprintGateKeeper) refers to tasks.o(i.vTaskDelay) for vTaskDelay
    main.o(i.UARTprintGateKeeper) refers to main.o(.data) for TSTticks
    main.o(i.initRandomNumbers) refers to rand.o(.text) for srand
    main.o(i.initRandomNumbers) refers to rand.o(.emb_text) for rand
    main.o(i.initRandomNumbers) refers to uartstdio.o(i.UARTprintf) for UARTprintf
    main.o(i.initRandomNumbers) refers to heap_4.o(i.pvPortMalloc) for pvPortMalloc
    main.o(i.initRandomNumbers) refers to main.o(.data) for n
    main.o(i.main) refers to sysctl.o(i.SysCtlClockSet) for SysCtlClockSet
    main.o(i.main) refers to main.o(i.ConfigureUART) for ConfigureUART
    main.o(i.main) refers to main.o(i.initRandomNumbers) for initRandomNumbers
    main.o(i.main) refers to main.o(i.mergeSort) for mergeSort
    main.o(i.main) refers to main.o(i.printArray) for printArray
    main.o(i.main) refers to main.o(i.testSchedulablity) for testSchedulablity
    main.o(i.main) refers to uartstdio.o(i.UARTprintf) for UARTprintf
    main.o(i.main) refers to queue.o(i.xQueueGenericCreate) for xQueueGenericCreate
    main.o(i.main) refers to tasks.o(i.xTaskCreate) for xTaskCreate
    main.o(i.main) refers to tasks.o(i.vTaskStartScheduler) for vTaskStartScheduler
    main.o(i.main) refers to main.o(.data) for n
    main.o(i.main) refers to main.o(i.UARTprintGateKeeper) for UARTprintGateKeeper
    main.o(i.main) refers to main.o(i.myScheduler) for myScheduler
    main.o(i.merge) refers to heap_4.o(i.pvPortMalloc) for pvPortMalloc
    main.o(i.merge) refers to heap_4.o(i.vPortFree) for vPortFree
    main.o(i.mergeSort) refers to main.o(i.merge) for merge
    main.o(i.myScheduler) refers to tasks.o(i.xTaskCreate) for xTaskCreate
    main.o(i.myScheduler) refers to tasks.o(i.vTaskDelay) for vTaskDelay
    main.o(i.myScheduler) refers to main.o(.data) for TP
    main.o(i.myScheduler) refers to main.o(i.myTask) for myTask
    main.o(i.myTask) refers to queue.o(i.xQueueGenericSend) for xQueueGenericSend
    main.o(i.myTask) refers to uartstdio.o(i.UARTprintf) for UARTprintf
    main.o(i.myTask) refers to tasks.o(i.vTaskDelay) for vTaskDelay
    main.o(i.myTask) refers to main.o(.data) for stringToPrint
    main.o(i.printArray) refers to uartstdio.o(i.UARTprintf) for UARTprintf
    main.o(i.testSchedulablity) refers to uartstdio.o(i.UARTprintf) for UARTprintf
    main.o(i.testSchedulablity) refers to main.o(.data) for TP
    main.o(.data) refers to main.o(.conststring) for .conststring
    uartstdio.o(i.UARTStdioConfig) refers to sysctl.o(i.SysCtlPeripheralPresent) for SysCtlPeripheralPresent
    uartstdio.o(i.UARTStdioConfig) refers to sysctl.o(i.SysCtlPeripheralEnable) for SysCtlPeripheralEnable
    uartstdio.o(i.UARTStdioConfig) refers to uart.o(i.UARTConfigSetExpClk) for UARTConfigSetExpClk
    uartstdio.o(i.UARTStdioConfig) refers to uart.o(i.UARTEnable) for UARTEnable
    uartstdio.o(i.UARTStdioConfig) refers to uartstdio.o(.constdata) for g_ui32UARTPeriph
    uartstdio.o(i.UARTStdioConfig) refers to uartstdio.o(.data) for g_ui32Base
    uartstdio.o(i.UARTgetc) refers to uart.o(i.UARTCharGet) for UARTCharGet
    uartstdio.o(i.UARTgetc) refers to uartstdio.o(.data) for g_ui32Base
    uartstdio.o(i.UARTgets) refers to uart.o(i.UARTCharGet) for UARTCharGet
    uartstdio.o(i.UARTgets) refers to uartstdio.o(i.UARTwrite) for UARTwrite
    uartstdio.o(i.UARTgets) refers to uart.o(i.UARTCharPut) for UARTCharPut
    uartstdio.o(i.UARTgets) refers to uartstdio.o(.data) for g_ui32Base
    uartstdio.o(i.UARTprintf) refers to uartstdio.o(i.UARTvprintf) for UARTvprintf
    uartstdio.o(i.UARTvprintf) refers to uartstdio.o(i.UARTwrite) for UARTwrite
[...]
    ../clib/signal.c                         0x00000000   Number         0  __raise.o ABSOLUTE
    ../clib/signal.c                         0x00000000   Number         0  defsig_rtmem_inner.o ABSOLUTE
    ../clib/signal.c                         0x00000000   Number         0  defsig_exit.o ABSOLUTE
    ../clib/signal.c                         0x00000000   Number         0  defsig_rtmem_formal.o ABSOLUTE
    ../clib/signal.c                         0x00000000   Number         0  defsig_rtmem_outer.o ABSOLUTE
    ../clib/signal.c                         0x00000000   Number         0  defsig_pvfn_inner.o ABSOLUTE
    ../clib/signal.c                         0x00000000   Number         0  defsig_cppl_inner.o ABSOLUTE
    ../clib/signal.c                         0x00000000   Number         0  defsig_stak_inner.o ABSOLUTE
    ../clib/signal.c                         0x00000000   Number         0  defsig_rtred_inner.o ABSOLUTE
    ../clib/signal.c                         0x00000000   Number         0  defsig_fpe_inner.o ABSOLUTE
    ../clib/signal.c                         0x00000000   Number         0  defsig_other.o ABSOLUTE
    ../clib/signal.c                         0x00000000   Number         0  defsig_segv_inner.o ABSOLUTE
    ../clib/signal.s                         0x00000000   Number         0  defsig.o ABSOLUTE
    ../clib/stdlib.c                         0x00000000   Number         0  rand.o ABSOLUTE
    ../clib/stdlib.c                         0x00000000   Number         0  rand.o ABSOLUTE
    ../clib/stdlib.c                         0x00000000   Number         0  exit.o ABSOLUTE
    ../clib/string.c                         0x00000000   Number         0  strcat.o ABSOLUTE
    ../clib/string.c                         0x00000000   Number         0  strlen.o ABSOLUTE
    ../fplib/fpinit.s                        0x00000000   Number         0  fpinit.o ABSOLUTE
    C:\Users\hossa\AppData\Local\Arm\Packs\ARM\CMSIS-FreeRTOS\10.3.0\CMSIS\RTOS2\FreeRTOS\Source\freertos_evr.c 0x00000000   Number         0  freertos_evr.o ABSOLUTE
    C:\Users\hossa\AppData\Local\Arm\Packs\ARM\CMSIS-FreeRTOS\10.3.0\Source\list.c 0x00000000   Number         0  list.o ABSOLUTE
    C:\Users\hossa\AppData\Local\Arm\Packs\ARM\CMSIS-FreeRTOS\10.3.0\Source\portable\MemMang\heap_4.c 0x00000000   Number         0  heap_4.o ABSOLUTE
    C:\Users\hossa\AppData\Local\Arm\Packs\ARM\CMSIS-FreeRTOS\10.3.0\Source\portable\RVDS\ARM_CM4F\port.c 0x00000000   Number         0  port.o ABSOLUTE
    C:\Users\hossa\AppData\Local\Arm\Packs\ARM\CMSIS-FreeRTOS\10.3.0\Source\queue.c 0x00000000   Number         0  queue.o ABSOLUTE
    C:\Users\hossa\AppData\Local\Arm\Packs\ARM\CMSIS-FreeRTOS\10.3.0\Source\stream_buffer.c 0x00000000   Number         0  stream_buffer.o ABSOLUTE
    C:\Users\hossa\AppData\Local\Arm\Packs\ARM\CMSIS-FreeRTOS\10.3.0\Source\tasks.c 0x00000000   Number         0  tasks.o ABSOLUTE
    C:\Users\hossa\AppData\Local\Arm\Packs\ARM\CMSIS-FreeRTOS\10.3.0\Source\timers.c 0x00000000   Number         0  timers.o ABSOLUTE
    C:\\Users\\hossa\\AppData\\Local\\Arm\\Packs\\ARM\\CMSIS-FreeRTOS\\10.3.0\\Source\\portable\\RVDS\\ARM_CM4F\\port.c 0x00000000   Number         0  port.o ABSOLUTE
    RTE\Device\TM4C123GH6PM\startup_TM4C123.s 0x00000000   Number         0  startup_tm4c123.o ABSOLUTE
    RTE\Device\TM4C123GH6PM\system_TM4C123.c 0x00000000   Number         0  system_tm4c123.o ABSOLUTE
    RTE\\Device\\TM4C123GH6PM\\system_TM4C123.c 0x00000000   Number         0  system_tm4c123.o ABSOLUTE
    cpu.c                                    0x00000000   Number         0  cpu.o ABSOLUTE
    cpu.c                                    0x00000000   Number         0  cpu.o ABSOLUTE
    dc.s                                     0x00000000   Number         0  dc.o ABSOLUTE
    gpio.c                                   0x00000000   Number         0  gpio.o ABSOLUTE
    interrupt.c                              0x00000000   Number         0  interrupt.o ABSOLUTE
    main.c                                   0x00000000   Number         0  main.o ABSOLUTE
    sysctl.c                                 0x00000000   Number         0  sysctl.o ABSOLUTE
    sysctl.c                                 0x00000000   Number         0  sysctl.o ABSOLUTE
    uart.c                                   0x00000000   Number         0  uart.o ABSOLUTE
    uartstdio.c                              0x00000000   Number         0  uartstdio.o ABSOLUTE
    !!!main                                  0x0000026c   Section        8  __main.o(!!!main)
    !!!scatter                               0x00000274   Section       52  __scatter.o(!!!scatter)
    !!handler_copy                           0x000002a8   Section       26  __scatter_copy.o(!!handler_copy)
    !!handler_zi                             0x000002c4   Section       28  __scatter_zi.o(!!handler_zi)
    .ARM.Collect$$_printf_percent$$00000000  0x000002e0   Section        0  _printf_percent.o(.ARM.Collect$$_printf_percent$$00000000)
    .ARM.Collect$$_printf_percent$$00000009  0x000002e0   Section        6  _printf_d.o(.ARM.Collect$$_printf_percent$$00000009)
    .ARM.Collect$$_printf_percent$$00000017  0x000002e6   Section        4  _printf_percent_end.o(.ARM.Collect$$_printf_percent$$00000017)
    .ARM.Collect$$libinit$$00000000          0x000002ea   Section        2  libinit.o(.ARM.Collect$$libinit$$00000000)
    .ARM.Collect$$libinit$$00000001          0x000002ec   Section        4  libinit2.o(.ARM.Collect$$libinit$$00000001)
    .ARM.Collect$$libinit$$00000004          0x000002f0   Section        0  libinit2.o(.ARM.Collect$$libinit$$00000004)
    .ARM.Collect$$libinit$$0000000A          0x000002f0   Section        0  libinit2.o(.ARM.Collect$$libinit$$0000000A)
    .ARM.Collect$$libinit$$0000000C          0x000002f0   Section        0  libinit2.o(.ARM.Collect$$libinit$$0000000C)
    .ARM.Collect$$libinit$$0000000D          0x000002f0   Section        4  libinit2.o(.ARM.Collect$$libinit$$0000000D)
    .ARM.Collect$$libinit$$0000000E          0x000002f4   Section        0  libinit2.o(.ARM.Collect$$libinit$$0000000E)
    .ARM.Collect$$libinit$$00000011          0x000002f4   Section        0  libinit2.o(.ARM.Collect$$libinit$$00000011)
    .ARM.Collect$$libinit$$00000013          0x000002f4   Section        0  libinit2.o(.ARM.Collect$$libinit$$00000013)
    .ARM.Collect$$libinit$$00000015          0x000002f4   Section        0  libinit2.o(.ARM.Collect$$libinit$$00000015)
    .ARM.Collect$$libinit$$00000017          0x000002f4   Section        0  libinit2.o(.ARM.Collect$$libinit$$00000017)
    .ARM.Collect$$libinit$$00000019          0x000002f4   Section        0  libinit2.o(.ARM.Collect$$libinit$$00000019)
    .ARM.Collect$$libinit$$0000001B          0x000002f4   Section        0  libinit2.o(.ARM.Collect$$libinit$$0000001B)
    .ARM.Collect$$libinit$$0000001D          0x000002f4   Section        0  libinit2.o(.ARM.Collect$$libinit$$0000001D)
    .ARM.Collect$$libinit$$0000001F          0x000002f4   Section        0  libinit2.o(.ARM.Collect$$libinit$$0000001F)
    .ARM.Collect$$libinit$$00000021          0x000002f4   Section        0  libinit2.o(.ARM.Collect$$libinit$$00000021)
    .ARM.Collect$$libinit$$00000023          0x000002f4   Section        0  libinit2.o(.ARM.Collect$$libinit$$00000023)
    .ARM.Collect$$libinit$$00000025          0x000002f4   Section        0  libinit2.o(.ARM.Collect$$libinit$$00000025)
    .ARM.Collect$$libinit$$0000002C          0x000002f4   Section        0  libinit2.o(.ARM.Collect$$libinit$$0000002C)
    .ARM.Collect$$libinit$$0000002E          0x000002f4   Section        0  libinit2.o(.ARM.Collect$$libinit$$0000002E)
    .ARM.Collect$$libinit$$00000030          0x000002f4   Section        0  libinit2.o(.ARM.Collect$$libinit$$00000030)
    .ARM.Collect$$libinit$$00000032          0x000002f4   Section        0  libinit2.o(.ARM.Collect$$libinit$$00000032)
    .ARM.Collect$$libinit$$00000033          0x000002f4   Section        2  libinit2.o(.ARM.Collect$$libinit$$00000033)
    .ARM.Collect$$libshutdown$$00000000      0x000002f6   Section        2  libshutdown.o(.ARM.Collect$$libshutdown$$00000000)
    .ARM.Collect$$libshutdown$$00000002      0x000002f8   Section        0  libshutdown2.o(.ARM.Collect$$libshutdown$$00000002)
    .ARM.Collect$$libshutdown$$00000004      0x000002f8   Section        0  libshutdown2.o(.ARM.Collect$$libshutdown$$00000004)
    .ARM.Collect$$libshutdown$$00000007      0x000002f8   Section        0  libshutdown2.o(.ARM.Collect$$libshutdown$$00000007)
    .ARM.Collect$$libshutdown$$0000000A      0x000002f8   Section        0  libshutdown2.o(.ARM.Collect$$libshutdown$$0000000A)
    .ARM.Collect$$libshutdown$$0000000C      0x000002f8   Section        0  libshutdown2.o(.ARM.Collect$$libshutdown$$0000000C)
    .ARM.Collect$$libshutdown$$0000000F      0x000002f8   Section        0  libshutdown2.o(.ARM.Collect$$libshutdown$$0000000F)
    .ARM.Collect$$libshutdown$$00000010      0x000002f8   Section        2  libshutdown2.o(.ARM.Collect$$libshutdown$$00000010)
    .ARM.Collect$$rtentry$$00000000          0x000002fa   Section        0  __rtentry.o(.ARM.Collect$$rtentry$$00000000)
    .ARM.Collect$$rtentry$$00000002          0x000002fa   Section        0  __rtentry2.o(.ARM.Collect$$rtentry$$00000002)
    .ARM.Collect$$rtentry$$00000004          0x000002fa   Section        6  __rtentry4.o(.ARM.Collect$$rtentry$$00000004)
    .ARM.Collect$$rtentry$$00000009          0x00000300   Section        0  __rtentry2.o(.ARM.Collect$$rtentry$$00000009)
    .ARM.Collect$$rtentry$$0000000A          0x00000300   Section        4  __rtentry2.o(.ARM.Collect$$rtentry$$0000000A)
    .ARM.Collect$$rtentry$$0000000C          0x00000304   Section        0  __rtentry2.o(.ARM.Collect$$rtentry$$0000000C)
    .ARM.Collect$$rtentry$$0000000D          0x00000304   Section        8  __rtentry2.o(.ARM.Collect$$rtentry$$0000000D)
    .ARM.Collect$$rtexit$$00000000           0x0000030c   Section        2  rtexit.o(.ARM.Collect$$rtexit$$00000000)
    .ARM.Collect$$rtexit$$00000002           0x0000030e   Section        0  rtexit2.o(.ARM.Collect$$rtexit$$00000002)
    .ARM.Collect$$rtexit$$00000003           0x0000030e   Section        4  rtexit2.o(.ARM.Collect$$rtexit$$00000003)
    .ARM.Collect$$rtexit$$00000004           0x00000312   Section        6  rtexit2.o(.ARM.Collect$$rtexit$$00000004)
    .emb_text                                0x00000318   Section      190  port.o(.emb_text)
    $v0                                      0x00000318   Number         0  port.o(.emb_text)
    .emb_text                                0x000003d8   Section        6  sysctl.o(.emb_text)
    $v0                                      0x000003d8   Number         0  sysctl.o(.emb_text)
    .emb_text                                0x000003e0   Section       52  rand.o(.emb_text)
    .text                                    0x00000414   Section      276  startup_tm4c123.o(.text)
    $v0                                      0x00000414   Number         0  startup_tm4c123.o(.text)
    .text                                    0x00000528   Section        0  noretval__2sprintf.o(.text)
    .text                                    0x00000550   Section        0  __printf.o(.text)
    .text                                    0x000005b8   Section        0  _printf_dec.o(.text)
    .text                                    0x00000630   Section        0  rand.o(.text)
    .text                                    0x0000066c   Section        0  strcat.o(.text)
    .text                                    0x00000684   Section      138  rt_memcpy_v6.o(.text)
    .text                                    0x0000070e   Section       16  aeabi_memset.o(.text)
    .text                                    0x0000071e   Section       78  rt_memclr_w.o(.text)
    .text                                    0x0000076c   Section        0  heapauxi.o(.text)
    .text                                    0x00000772   Section        0  _printf_intcommon.o(.text)
    .text                                    0x00000824   Section        0  _printf_char_common.o(.text)
    _printf_input_char                       0x00000825   Thumb Code    10  _printf_char_common.o(.text)
    .text                                    0x00000854   Section        0  _sputc.o(.text)
    .text                                    0x0000085e   Section      100  rt_memcpy_w.o(.text)
    .text                                    0x000008c2   Section       68  rt_memclr.o(.text)
    .text                                    0x00000906   Section       74  sys_stackheap_outer.o(.text)
    .text                                    0x00000950   Section        0  exit.o(.text)
    .text                                    0x00000964   Section        8  libspace.o(.text)
    .text                                    0x0000096c   Section        2  use_no_semi.o(.text)
    .text                                    0x0000096e   Section        0  indicate_semi.o(.text)
    .text                                    0x00000970   Section        0  sys_exit.o(.text)
    i.ConfigureUART                          0x0000097c   Section        0  main.o(i.ConfigureUART)
    i.GPIODirModeSet                         0x000009c8   Section        0  gpio.o(i.GPIODirModeSet)
    i.GPIOPadConfigSet                       0x000009f0   Section        0  gpio.o(i.GPIOPadConfigSet)
    i.GPIOPinConfigure                       0x00000b2c   Section        0  gpio.o(i.GPIOPinConfigure)
    i.GPIOPinTypeUART                        0x00000b74   Section        0  gpio.o(i.GPIOPinTypeUART)
    i.SysCtlClockSet                         0x00000b90   Section        0  sysctl.o(i.SysCtlClockSet)
    i.SysCtlPeripheralEnable                 0x00000cb0   Section        0  sysctl.o(i.SysCtlPeripheralEnable)
    i.SysCtlPeripheralPresent                0x00000cd8   Section        0  sysctl.o(i.SysCtlPeripheralPresent)
    i.SysTick_Handler                        0x00000d04   Section        0  port.o(i.SysTick_Handler)
    i.SystemInit                             0x00000d38   Section        0  system_tm4c123.o(i.SystemInit)
    i.UARTCharPut                            0x00000dd0   Section        0  uart.o(i.UARTCharPut)
    i.UARTClockSourceSet                     0x00000ddc   Section        0  uart.o(i.UARTClockSourceSet)
    i.UARTConfigSetExpClk                    0x00000de2   Section        0  uart.o(i.UARTConfigSetExpClk)
    i.UARTEnable                             0x00000e50   Section        0  uart.o(i.UARTEnable)
    i.UARTStdioConfig                        0x00000e64   Section        0  uartstdio.o(i.UARTStdioConfig)
    i.UARTprintGateKeeper                    0x00000eb4   Section        0  main.o(i.UARTprintGateKeeper)
    i.UARTprintf                             0x00000f2c   Section        0  uartstdio.o(i.UARTprintf)
    i.UARTvprintf                            0x00000f48   Section        0  uartstdio.o(i.UARTvprintf)
    i.UARTwrite                              0x00001198   Section        0  uartstdio.o(i.UARTwrite)
    i.eTaskConfirmSleepModeStatus            0x000011cc   Section        0  tasks.o(i.eTaskConfirmSleepModeStatus)
    i.initRandomNumbers                      0x00001208   Section        0  main.o(i.initRandomNumbers)
    i.main                                   0x00001378   Section        0  main.o(i.main)
    i.merge                                  0x00001434   Section        0  main.o(i.merge)
    i.mergeSort                              0x00001588   Section        0  main.o(i.mergeSort)
    i.myScheduler                            0x000015c8   Section        0  main.o(i.myScheduler)
    i.myTask                                 0x00001634   Section        0  main.o(i.myTask)
    i.printArray                             0x00001690   Section        0  main.o(i.printArray)
    i.prvAddCurrentTaskToDelayedList         0x000016bc   Section        0  tasks.o(i.prvAddCurrentTaskToDelayedList)
    prvAddCurrentTaskToDelayedList           0x000016bd   Thumb Code   134  tasks.o(i.prvAddCurrentTaskToDelayedList)
    i.prvAddNewTaskToReadyList               0x00001760   Section        0  tasks.o(i.prvAddNewTaskToReadyList)
    prvAddNewTaskToReadyList                 0x00001761   Thumb Code   156  tasks.o(i.prvAddNewTaskToReadyList)
    i.prvCheckForValidListAndQueue           0x00001818   Section        0  timers.o(i.prvCheckForValidListAndQueue)
    prvCheckForValidListAndQueue             0x00001819   Thumb Code    56  timers.o(i.prvCheckForValidListAndQueue)
    i.prvCheckTasksWaitingTermination        0x00001864   Section        0  tasks.o(i.prvCheckTasksWaitingTermination)
    prvCheckTasksWaitingTermination          0x00001865   Thumb Code    60  tasks.o(i.prvCheckTasksWaitingTermination)
    i.prvCopyDataFromQueue                   0x000018ac   Section        0  queue.o(i.prvCopyDataFromQueue)
    prvCopyDataFromQueue                     0x000018ad   Thumb Code    42  queue.o(i.prvCopyDataFromQueue)
    i.prvCopyDataToQueue                     0x000018d6   Section        0  queue.o(i.prvCopyDataToQueue)
    prvCopyDataToQueue                       0x000018d7   Thumb Code   126  queue.o(i.prvCopyDataToQueue)
    i.prvDeleteTCB                           0x00001954   Section        0  tasks.o(i.prvDeleteTCB)
    prvDeleteTCB                             0x00001955   Thumb Code    18  tasks.o(i.prvDeleteTCB)
    i.prvGetExpectedIdleTime                 0x00001968   Section        0  tasks.o(i.prvGetExpectedIdleTime)
    prvGetExpectedIdleTime                   0x00001969   Thumb Code    56  tasks.o(i.prvGetExpectedIdleTime)
    i.prvGetNextExpireTime                   0x000019b4   Section        0  timers.o(i.prvGetNextExpireTime)
    prvGetNextExpireTime                     0x000019b5   Thumb Code    36  timers.o(i.prvGetNextExpireTime)
    i.prvHeapInit                            0x000019dc   Section        0  heap_4.o(i.prvHeapInit)
    prvHeapInit                              0x000019dd   Thumb Code    98  heap_4.o(i.prvHeapInit)
    i.prvIdleTask                            0x00001a58   Section        0  tasks.o(i.prvIdleTask)
    prvIdleTask                              0x00001a59   Thumb Code   108  tasks.o(i.prvIdleTask)
    i.prvInitialiseNewQueue                  0x00001ad4   Section        0  queue.o(i.prvInitialiseNewQueue)
    prvInitialiseNewQueue                    0x00001ad5   Thumb Code    46  queue.o(i.prvInitialiseNewQueue)
    i.prvInitialiseNewTask                   0x00001b02   Section        0  tasks.o(i.prvInitialiseNewTask)
    prvInitialiseNewTask                     0x00001b03   Thumb Code   194  tasks.o(i.prvInitialiseNewTask)
    i.prvInitialiseTaskLists                 0x00001bc4   Section        0  tasks.o(i.prvInitialiseTaskLists)
    prvInitialiseTaskLists                   0x00001bc5   Thumb Code    70  tasks.o(i.prvInitialiseTaskLists)
    i.prvInsertBlockIntoFreeList             0x00001c2c   Section        0  heap_4.o(i.prvInsertBlockIntoFreeList)
    prvInsertBlockIntoFreeList               0x00001c2d   Thumb Code    96  heap_4.o(i.prvInsertBlockIntoFreeList)
    i.prvInsertTimerInActiveList             0x00001c94   Section        0  timers.o(i.prvInsertTimerInActiveList)
    prvInsertTimerInActiveList               0x00001c95   Thumb Code    80  timers.o(i.prvInsertTimerInActiveList)
    i.prvIsQueueEmpty                        0x00001cec   Section        0  queue.o(i.prvIsQueueEmpty)
    prvIsQueueEmpty                          0x00001ced   Thumb Code    26  queue.o(i.prvIsQueueEmpty)
    i.prvIsQueueFull                         0x00001d06   Section        0  queue.o(i.prvIsQueueFull)
    prvIsQueueFull                           0x00001d07   Thumb Code    30  queue.o(i.prvIsQueueFull)
    i.prvNotifyQueueSetContainer             0x00001d24   Section        0  queue.o(i.prvNotifyQueueSetContainer)
    prvNotifyQueueSetContainer               0x00001d25   Thumb Code   144  queue.o(i.prvNotifyQueueSetContainer)
    i.prvProcessExpiredTimer                 0x00001db4   Section        0  timers.o(i.prvProcessExpiredTimer)
    prvProcessExpiredTimer                   0x00001db5   Thumb Code   110  timers.o(i.prvProcessExpiredTimer)
    i.prvProcessReceivedCommands             0x00001e28   Section        0  timers.o(i.prvProcessReceivedCommands)
    prvProcessReceivedCommands               0x00001e29   Thumb Code   350  timers.o(i.prvProcessReceivedCommands)
    i.prvProcessTimerOrBlockTask             0x00001f8c   Section        0  timers.o(i.prvProcessTimerOrBlockTask)
    prvProcessTimerOrBlockTask               0x00001f8d   Thumb Code   102  timers.o(i.prvProcessTimerOrBlockTask)
    i.prvResetNextTaskUnblockTime            0x00002000   Section        0  tasks.o(i.prvResetNextTaskUnblockTime)
    prvResetNextTaskUnblockTime              0x00002001   Thumb Code    42  tasks.o(i.prvResetNextTaskUnblockTime)
    i.prvSampleTimeNow                       0x00002034   Section        0  timers.o(i.prvSampleTimeNow)
    prvSampleTimeNow                         0x00002035   Thumb Code    40  timers.o(i.prvSampleTimeNow)
    i.prvSwitchTimerLists                    0x00002060   Section        0  timers.o(i.prvSwitchTimerLists)
    prvSwitchTimerLists                      0x00002061   Thumb Code   154  timers.o(i.prvSwitchTimerLists)
    i.prvTaskExitError                       0x00002104   Section        0  port.o(i.prvTaskExitError)
    prvTaskExitError                         0x00002105   Thumb Code    60  port.o(i.prvTaskExitError)
    i.prvTimerTask                           0x00002144   Section        0  timers.o(i.prvTimerTask)
    prvTimerTask                             0x00002145   Thumb Code    26  timers.o(i.prvTimerTask)
    i.prvUnlockQueue                         0x0000215e   Section        0  queue.o(i.prvUnlockQueue)
    prvUnlockQueue                           0x0000215f   Thumb Code   146  queue.o(i.prvUnlockQueue)
    i.pvPortMalloc                           0x000021f0   Section        0  heap_4.o(i.pvPortMalloc)
    i.pxPortInitialiseStack                  0x0000232c   Section        0  port.o(i.pxPortInitialiseStack)
    i.testSchedulablity                      0x00002358   Section        0  main.o(i.testSchedulablity)
    i.uxListRemove                           0x00002408   Section        0  list.o(i.uxListRemove)
    i.vListInitialise                        0x00002430   Section        0  list.o(i.vListInitialise)
    i.vListInitialiseItem                    0x0000244a   Section        0  list.o(i.vListInitialiseItem)
    i.vListInsert                            0x00002450   Section        0  list.o(i.vListInsert)
    i.vListInsertEnd                         0x00002484   Section        0  list.o(i.vListInsertEnd)
    i.vPortEnterCritical                     0x0000249c   Section        0  port.o(i.vPortEnterCritical)
    i.vPortExitCritical                      0x000024f0   Section        0  port.o(i.vPortExitCritical)
    i.vPortFree                              0x0000252c   Section        0  heap_4.o(i.vPortFree)
    i.vPortSetupTimerInterrupt               0x000025c0   Section        0  port.o(i.vPortSetupTimerInterrupt)
    i.vPortSuppressTicksAndSleep             0x00002628   Section        0  port.o(i.vPortSuppressTicksAndSleep)
    i.vPortValidateInterruptPriority         0x00002774   Section        0  port.o(i.vPortValidateInterruptPriority)
    i.vQueueWaitForMessageRestricted         0x000027ec   Section        0  queue.o(i.vQueueWaitForMessageRestricted)
    i.vTaskDelay                             0x00002838   Section        0  tasks.o(i.vTaskDelay)
    i.vTaskInternalSetTimeOutState           0x00002894   Section        0  tasks.o(i.vTaskInternalSetTimeOutState)
    i.vTaskMissedYield                       0x000028ac   Section        0  tasks.o(i.vTaskMissedYield)
    i.vTaskPlaceOnEventList                  0x000028b8   Section        0  tasks.o(i.vTaskPlaceOnEventList)
    i.vTaskPlaceOnEventListRestricted        0x000028f0   Section        0  tasks.o(i.vTaskPlaceOnEventListRestricted)
    i.vTaskStartScheduler                    0x00002930   Section        0  tasks.o(i.vTaskStartScheduler)
    i.vTaskStepTick                          0x000029c4   Section        0  tasks.o(i.vTaskStepTick)
    i.vTaskSuspendAll                        0x00002a04   Section        0  tasks.o(i.vTaskSuspendAll)
    i.vTaskSwitchContext                     0x00002a14   Section        0  tasks.o(i.vTaskSwitchContext)
    i.xPortStartScheduler                    0x00002aa0   Section        0  port.o(i.xPortStartScheduler)
    i.xQueueGenericCreate                    0x00002c08   Section        0  queue.o(i.xQueueGenericCreate)
    i.xQueueGenericReset                     0x00002c64   Section        0  queue.o(i.xQueueGenericReset)
    i.xQueueGenericSend                      0x00002cfc   Section        0  queue.o(i.xQueueGenericSend)
    i.xQueueGenericSendFromISR               0x00002ed4   Section        0  queue.o(i.xQueueGenericSendFromISR)
    i.xQueueReceive                          0x00002fdc   Section        0  queue.o(i.xQueueReceive)
    i.xTaskCheckForTimeOut                   0x00003144   Section        0  tasks.o(i.xTaskCheckForTimeOut)
    i.xTaskCreate                            0x000031ec   Section        0  tasks.o(i.xTaskCreate)
    i.xTaskGetSchedulerState                 0x0000324c   Section        0  tasks.o(i.xTaskGetSchedulerState)
    i.xTaskGetTickCount                      0x0000326c   Section        0  tasks.o(i.xTaskGetTickCount)
    i.xTaskIncrementTick                     0x00003278   Section        0  tasks.o(i.xTaskIncrementTick)
    i.xTaskPriorityDisinherit                0x000033c0   Section        0  tasks.o(i.xTaskPriorityDisinherit)
    i.xTaskRemoveFromEventList               0x00003488   Section        0  tasks.o(i.xTaskRemoveFromEventList)
    i.xTaskResumeAll                         0x00003524   Section        0  tasks.o(i.xTaskResumeAll)
    i.xTimerCreateTimerTask                  0x00003628   Section        0  timers.o(i.xTimerCreateTimerTask)
    i.xTimerGenericCommand                   0x0000367c   Section        0  timers.o(i.xTimerGenericCommand)
    x$fpl$fpinit                             0x00003700   Section       10  fpinit.o(x$fpl$fpinit)
    $v0                                      0x00003700   Number         0  fpinit.o(x$fpl$fpinit)
    .constdata                               0x0000370c   Section       28  uartstdio.o(.constdata)
    g_pcHex                                  0x0000370c   Data           4  uartstdio.o(.constdata)
    g_ui32UARTBase                           0x00003710   Data          12  uartstdio.o(.constdata)
    g_ui32UARTPeriph                         0x0000371c   Data          12  uartstdio.o(.constdata)
    .constdata                               0x00003728   Section      528  gpio.o(.constdata)
    g_ppui32GPIOIntMapBlizzard               0x00003728   Data         192  gpio.o(.constdata)
    g_ppui32GPIOIntMapSnowflake              0x000037e8   Data         192  gpio.o(.constdata)
    g_pui32GPIOBaseAddrs                     0x000038a8   Data         144  gpio.o(.constdata)
    .conststring                             0x00003938   Section       99  main.o(.conststring)
    .conststring                             0x0000399c   Section       17  uartstdio.o(.conststring)
    .data                                    0x20000000   Section       56  main.o(.data)
    .data                                    0x20000038   Section        5  uartstdio.o(.data)
    g_ui32Base                               0x20000038   Data           4  uartstdio.o(.data)
    bLastWasCR                               0x2000003c   Data           1  uartstdio.o(.data)
    .data                                    0x20000040   Section        4  system_tm4c123.o(.data)
    .data                                    0x20000044   Section       24  heap_4.o(.data)
    xStart                                   0x20000044   Data           8  heap_4.o(.data)
    pxEnd                                    0x2000004c   Data           4  heap_4.o(.data)
    xFreeBytesRemaining                      0x20000050   Data           4  heap_4.o(.data)
    xMinimumEverFreeBytesRemaining           0x20000054   Data           4  heap_4.o(.data)
    xBlockAllocatedBit                       0x20000058   Data           4  heap_4.o(.data)
    .data                                    0x2000005c   Section       24  port.o(.data)
    uxCriticalNesting                        0x2000005c   Data           4  port.o(.data)
    ulTimerCountsForOneTick                  0x20000060   Data           4  port.o(.data)
    xMaximumPossibleSuppressedTicks          0x20000064   Data           4  port.o(.data)
    ulStoppedTimerCompensation               0x20000068   Data           4  port.o(.data)
    ucMaxSysCallPriority                     0x2000006c   Data           1  port.o(.data)
    ulMaxPRIGROUPValue                       0x20000070   Data           4  port.o(.data)
    .data                                    0x20000074   Section       60  tasks.o(.data)
    pxDelayedTaskList                        0x20000078   Data           4  tasks.o(.data)
    pxOverflowDelayedTaskList                0x2000007c   Data           4  tasks.o(.data)
    uxDeletedTasksWaitingCleanUp             0x20000080   Data           4  tasks.o(.data)
    uxCurrentNumberOfTasks                   0x20000084   Data           4  tasks.o(.data)
    xTickCount                               0x20000088   Data           4  tasks.o(.data)
    uxTopReadyPriority                       0x2000008c   Data           4  tasks.o(.data)
    xSchedulerRunning                        0x20000090   Data           4  tasks.o(.data)
    uxPendedTicks                            0x20000094   Data           4  tasks.o(.data)
    xYieldPending                            0x20000098   Data           4  tasks.o(.data)
    xNumOfOverflows                          0x2000009c   Data           4  tasks.o(.data)
    uxTaskNumber                             0x200000a0   Data           4  tasks.o(.data)
    xNextTaskUnblockTime                     0x200000a4   Data           4  tasks.o(.data)
    xIdleTaskHandle                          0x200000a8   Data           4  tasks.o(.data)
    uxSchedulerSuspended                     0x200000ac   Data           4  tasks.o(.data)
    .data                                    0x200000b0   Section       20  timers.o(.data)
    pxCurrentTimerList                       0x200000b0   Data           4  timers.o(.data)
    pxOverflowTimerList                      0x200000b4   Data           4  timers.o(.data)
    xTimerQueue                              0x200000b8   Data           4  timers.o(.data)
    xTimerTaskHandle                         0x200000bc   Data           4  timers.o(.data)
    xLastTime                                0x200000c0   Data           4  timers.o(.data)
    .bss                                     0x200000c4   Section     8196  heap_4.o(.bss)
    ucHeap                                   0x200000c4   Data        8196  heap_4.o(.bss)
    .bss                                     0x200020c8   Section      240  tasks.o(.bss)
    pxReadyTasksLists                        0x200020c8   Data         140  tasks.o(.bss)
    xDelayedTaskList1                        0x20002154   Data          20  tasks.o(.bss)
    xDelayedTaskList2                        0x20002168   Data          20  tasks.o(.bss)
    xPendingReadyList                        0x2000217c   Data          20  tasks.o(.bss)
    xTasksWaitingTermination                 0x20002190   Data          20  tasks.o(.bss)
    xSuspendedTaskList                       0x200021a4   Data          20  tasks.o(.bss)
    .bss                                     0x200021b8   Section       40  timers.o(.bss)
    xActiveTimerList1                        0x200021b8   Data          20  timers.o(.bss)
    xActiveTimerList2                        0x200021cc   Data          20  timers.o(.bss)
    .bss                                     0x200021e0   Section      228  rand.o(.bss)
    .bss                                     0x200022c4   Section       96  libspace.o(.bss)
    HEAP                                     0x20002328   Section        0  startup_tm4c123.o(HEAP)
    STACK                                    0x20002328   Section      512  startup_tm4c123.o(STACK)
    Heap_Mem                                 0x20002328   Data           0  startup_tm4c123.o(HEAP)
    Stack_Mem                                0x20002328   Data         512  startup_tm4c123.o(STACK)
    __initial_sp                             0x20002528   Data           0  startup_tm4c123.o(STACK)

    Global Symbols

    Symbol Name                              Value     Ov Type        Size  Object(Section)

    BuildAttributes$$THM_ISAv4$E$P$D$K$B$S$7EM$VFPi3$EXTD16$VFPS$VFMA$PE$A:L22UL41UL21$X:L11$S22US41US21$IEEE1$IW$USESV6$~STKCKD$USESV7$~SHL$OTIME$ROPI$EBA8$UX$STANDARDLIB$REQ8$PRES8$EABIv2 0x00000000   Number         0  anon$$obj.o ABSOLUTE
    __ARM_use_no_argv                        0x00000000   Number         0  main.o ABSOLUTE
    __Vectors                                0x00000000   Data           4  startup_tm4c123.o(RESET)
    __ARM_exceptions_init                     - Undefined Weak Reference
    __alloca_initialize                       - Undefined Weak Reference
    __arm_preinit_                            - Undefined Weak Reference
    __cpp_initialize__aeabi_                  - Undefined Weak Reference
    __cxa_finalize                            - Undefined Weak Reference
    __rt_locale                               - Undefined Weak Reference
    __sigvec_lookup                           - Undefined Weak Reference
    _atexit_init                              - Undefined Weak Reference
    _call_atexit_fns                          - Undefined Weak Reference
    _clock_init                               - Undefined Weak Reference
    _fp_trap_init                             - Undefined Weak Reference
    _fp_trap_shutdown                         - Undefined Weak Reference
    _get_lc_collate                           - Undefined Weak Reference
    _get_lc_ctype                             - Undefined Weak Reference
    _get_lc_monetary                          - Undefined Weak Reference
    _get_lc_numeric                           - Undefined Weak Reference
    _get_lc_time                              - Undefined Weak Reference
    _getenv_init                              - Undefined Weak Reference
    _handle_redirection                       - Undefined Weak Reference
    _init_alloc                               - Undefined Weak Reference
    _init_user_alloc                          - Undefined Weak Reference
    _initio                                   - Undefined Weak Reference
    _printf_post_padding                      - Undefined Weak Reference
    _printf_pre_padding                       - Undefined Weak Reference
    _printf_truncate_signed                   - Undefined Weak Reference
    _printf_truncate_unsigned                 - Undefined Weak Reference
    _signal_finish                            - Undefined Weak Reference
    _signal_init                              - Undefined Weak Reference
    _terminate_alloc                          - Undefined Weak Reference
    _terminate_user_alloc                     - Undefined Weak Reference
    _terminateio                              - Undefined Weak Reference
    __Vectors_End                            0x0000026c   Data           0  startup_tm4c123.o(RESET)
    __Vectors_Size                           0x0000026c   Number         0  startup_tm4c123.o ABSOLUTE
    __main                                   0x0000026d   Thumb Code     8  __main.o(!!!main)
    __scatterload                            0x00000275   Thumb Code     0  __scatter.o(!!!scatter)
    __scatterload_rt2                        0x00000275   Thumb Code    44  __scatter.o(!!!scatter)
    __scatterload_rt2_thumb_only             0x00000275   Thumb Code     0  __scatter.o(!!!scatter)
    __scatterload_null                       0x00000283   Thumb Code     0  __scatter.o(!!!scatter)
    __scatterload_copy                       0x000002a9   Thumb Code    26  __scatter_copy.o(!!handler_copy)
    __scatterload_zeroinit                   0x000002c5   Thumb Code    28  __scatter_zi.o(!!handler_zi)
    _printf_d                                0x000002e1   Thumb Code     0  _printf_d.o(.ARM.Collect$$_printf_percent$$00000009)
    _printf_percent                          0x000002e1   Thumb Code     0  _printf_percent.o(.ARM.Collect$$_printf_percent$$00000000)
    _printf_percent_end                      0x000002e7   Thumb Code     0  _printf_percent_end.o(.ARM.Collect$$_printf_percent$$00000017)
    __rt_lib_init                            0x000002eb   Thumb Code     0  libinit.o(.ARM.Collect$$libinit$$00000000)
    __rt_lib_init_fp_1                       0x000002ed   Thumb Code     0  libinit2.o(.ARM.Collect$$libinit$$00000001)
    __rt_lib_init_heap_1                     0x000002f1   Thumb Code     0  libinit2.o(.ARM.Collect$$libinit$$0000000A)
    __rt_lib_init_preinit_1                  0x000002f1   Thumb Code     0  libinit2.o(.ARM.Collect$$libinit$$00000004)
    __rt_lib_init_rand_2                     0x000002f1   Thumb Code     0  libinit2.o(.ARM.Collect$$libinit$$0000000D)
    __rt_lib_init_user_alloc_1               0x000002f1   Thumb Code     0  libinit2.o(.ARM.Collect$$libinit$$0000000C)
    __rt_lib_init_alloca_1                   0x000002f5   Thumb Code     0  libinit2.o(.ARM.Collect$$libinit$$0000002E)
    __rt_lib_init_argv_1                     0x000002f5   Thumb Code     0  libinit2.o(.ARM.Collect$$libinit$$0000002C)
    __rt_lib_init_atexit_1                   0x000002f5   Thumb Code     0  libinit2.o(.ARM.Collect$$libinit$$0000001B)
    __rt_lib_init_clock_1                    0x000002f5   Thumb Code     0  libinit2.o(.ARM.Collect$$libinit$$00000021)
    __rt_lib_init_cpp_1                      0x000002f5   Thumb Code     0  libinit2.o(.ARM.Collect$$libinit$$00000032)
    __rt_lib_init_exceptions_1               0x000002f5   Thumb Code     0  libinit2.o(.ARM.Collect$$libinit$$00000030)
    __rt_lib_init_fp_trap_1                  0x000002f5   Thumb Code     0  libinit2.o(.ARM.Collect$$libinit$$0000001F)
    __rt_lib_init_getenv_1                   0x000002f5   Thumb Code     0  libinit2.o(.ARM.Collect$$libinit$$00000023)
    __rt_lib_init_lc_collate_1               0x000002f5   Thumb Code     0  libinit2.o(.ARM.Collect$$libinit$$00000011)
    __rt_lib_init_lc_ctype_1                 0x000002f5   Thumb Code     0  libinit2.o(.ARM.Collect$$libinit$$00000013)
    __rt_lib_init_lc_monetary_1              0x000002f5   Thumb Code     0  libinit2.o(.ARM.Collect$$libinit$$00000015)
    __rt_lib_init_lc_numeric_1               0x000002f5   Thumb Code     0  libinit2.o(.ARM.Collect$$libinit$$00000017)
    __rt_lib_init_lc_time_1                  0x000002f5   Thumb Code     0  libinit2.o(.ARM.Collect$$libinit$$00000019)
    __rt_lib_init_rand_1                     0x000002f5   Thumb Code     0  libinit2.o(.ARM.Collect$$libinit$$0000000E)
    __rt_lib_init_return                     0x000002f5   Thumb Code     0  libinit2.o(.ARM.Collect$$libinit$$00000033)
    __rt_lib_init_signal_1                   0x000002f5   Thumb Code     0  libinit2.o(.ARM.Collect$$libinit$$0000001D)
    __rt_lib_init_stdio_1                    0x000002f5   Thumb Code     0  libinit2.o(.ARM.Collect$$libinit$$00000025)
    __rt_lib_shutdown                        0x000002f7   Thumb Code     0  libshutdown.o(.ARM.Collect$$libshutdown$$00000000)
    __rt_lib_shutdown_cpp_1                  0x000002f9   Thumb Code     0  libshutdown2.o(.ARM.Collect$$libshutdown$$00000002)
    __rt_lib_shutdown_fp_trap_1              0x000002f9   Thumb Code     0  libshutdown2.o(.ARM.Collect$$libshutdown$$00000007)
    __rt_lib_shutdown_heap_1                 0x000002f9   Thumb Code     0  libshutdown2.o(.ARM.Collect$$libshutdown$$0000000F)
    __rt_lib_shutdown_return                 0x000002f9   Thumb Code     0  libshutdown2.o(.ARM.Collect$$libshutdown$$00000010)
    __rt_lib_shutdown_signal_1               0x000002f9   Thumb Code     0  libshutdown2.o(.ARM.Collect$$libshutdown$$0000000A)
    __rt_lib_shutdown_stdio_1                0x000002f9   Thumb Code     0  libshutdown2.o(.ARM.Collect$$libshutdown$$00000004)
    __rt_lib_shutdown_user_alloc_1           0x000002f9   Thumb Code     0  libshutdown2.o(.ARM.Collect$$libshutdown$$0000000C)
    __rt_entry                               0x000002fb   Thumb Code     0  __rtentry.o(.ARM.Collect$$rtentry$$00000000)
    __rt_entry_presh_1                       0x000002fb   Thumb Code     0  __rtentry2.o(.ARM.Collect$$rtentry$$00000002)
    __rt_entry_sh                            0x000002fb   Thumb Code     0  __rtentry4.o(.ARM.Collect$$rtentry$$00000004)
    __rt_entry_li                            0x00000301   Thumb Code     0  __rtentry2.o(.ARM.Collect$$rtentry$$0000000A)
    __rt_entry_postsh_1                      0x00000301   Thumb Code     0  __rtentry2.o(.ARM.Collect$$rtentry$$00000009)
    __rt_entry_main                          0x00000305   Thumb Code     0  __rtentry2.o(.ARM.Collect$$rtentry$$0000000D)
    __rt_entry_postli_1                      0x00000305   Thumb Code     0  __rtentry2.o(.ARM.Collect$$rtentry$$0000000C)
    __rt_exit                                0x0000030d   Thumb Code     0  rtexit.o(.ARM.Collect$$rtexit$$00000000)
    __rt_exit_ls                             0x0000030f   Thumb Code     0  rtexit2.o(.ARM.Collect$$rtexit$$00000003)
    __rt_exit_prels_1                        0x0000030f   Thumb Code     0  rtexit2.o(.ARM.Collect$$rtexit$$00000002)
    __rt_exit_exit                           0x00000313   Thumb Code     0  rtexit2.o(.ARM.Collect$$rtexit$$00000004)
    SVC_Handler                              0x00000319   Thumb Code    28  port.o(.emb_text)
    __asm___6_port_c_39a90d8d__prvStartFirstTask 0x00000339   Thumb Code    36  port.o(.emb_text)
    __asm___6_port_c_39a90d8d__prvEnableVFP  0x00000361   Thumb Code    16  port.o(.emb_text)
    PendSV_Handler                           0x00000375   Thumb Code    88  port.o(.emb_text)
    vPortGetIPSR                             0x000003d1   Thumb Code     6  port.o(.emb_text)
    SysCtlDelay                              0x000003d9   Thumb Code     6  sysctl.o(.emb_text)
    rand                                     0x000003e1   Thumb Code    48  rand.o(.emb_text)
    Reset_Handler                            0x00000415   Thumb Code     8  startup_tm4c123.o(.text)
    NMI_Handler                              0x0000041d   Thumb Code     2  startup_tm4c123.o(.text)
    HardFault_Handler                        0x0000041f   Thumb Code     2  startup_tm4c123.o(.text)
    MemManage_Handler                        0x00000421   Thumb Code     2  startup_tm4c123.o(.text)
    BusFault_Handler                         0x00000423   Thumb Code     2  startup_tm4c123.o(.text)
    UsageFault_Handler                       0x00000425   Thumb Code     2  startup_tm4c123.o(.text)
    DebugMon_Handler                         0x00000429   Thumb Code     2  startup_tm4c123.o(.text)
    GPIOA_Handler                            0x0000042f   Thumb Code     2  startup_tm4c123.o(.text)
    GPIOB_Handler                            0x00000431   Thumb Code     2  startup_tm4c123.o(.text)
    GPIOC_Handler                            0x00000433   Thumb Code     2  startup_tm4c123.o(.text)
    GPIOD_Handler                            0x00000435   Thumb Code     2  startup_tm4c123.o(.text)
    GPIOE_Handler                            0x00000437   Thumb Code     2  startup_tm4c123.o(.text)
    UART0_Handler                            0x00000439   Thumb Code     2  startup_tm4c123.o(.text)
    UART1_Handler                            0x0000043b   Thumb Code     2  startup_tm4c123.o(.text)
    SSI0_Handler                             0x0000043d   Thumb Code     2  startup_tm4c123.o(.text)
    I2C0_Handler                             0x0000043f   Thumb Code     2  startup_tm4c123.o(.text)
    PMW0_FAULT_Handler                       0x00000441   Thumb Code     2  startup_tm4c123.o(.text)
    PWM0_0_Handler                           0x00000443   Thumb Code     2  startup_tm4c123.o(.text)
    PWM0_1_Handler                           0x00000445   Thumb Code     2  startup_tm4c123.o(.text)
    PWM0_2_Handler                           0x00000447   Thumb Code     2  startup_tm4c123.o(.text)
    QEI0_Handler                             0x00000449   Thumb Code     2  startup_tm4c123.o(.text)
    ADC0SS0_Handler                          0x0000044b   Thumb Code     2  startup_tm4c123.o(.text)
    ADC0SS1_Handler                          0x0000044d   Thumb Code     2  startup_tm4c123.o(.text)
    ADC0SS2_Handler                          0x0000044f   Thumb Code     2  startup_tm4c123.o(.text)
    ADC0SS3_Handler                          0x00000451   Thumb Code     2  startup_tm4c123.o(.text)
    WDT0_Handler                             0x00000453   Thumb Code     2  startup_tm4c123.o(.text)
    TIMER0A_Handler                          0x00000455   Thumb Code     2  startup_tm4c123.o(.text)
    TIMER0B_Handler                          0x00000457   Thumb Code     2  startup_tm4c123.o(.text)
    TIMER1A_Handler                          0x00000459   Thumb Code     2  startup_tm4c123.o(.text)
    TIMER1B_Handler                          0x0000045b   Thumb Code     2  startup_tm4c123.o(.text)
    TIMER2A_Handler                          0x0000045d   Thumb Code     2  startup_tm4c123.o(.text)
    TIMER2B_Handler                          0x0000045f   Thumb Code     2  startup_tm4c123.o(.text)
    COMP0_Handler                            0x00000461   Thumb Code     2  startup_tm4c123.o(.text)
    COMP1_Handler                            0x00000463   Thumb Code     2  startup_tm4c123.o(.text)
    COMP2_Handler                            0x00000465   Thumb Code     2  startup_tm4c123.o(.text)
    SYSCTL_Handler                           0x00000467   Thumb Code     2  startup_tm4c123.o(.text)
    FLASH_Handler                            0x00000469   Thumb Code     2  startup_tm4c123.o(.text)
    GPIOF_Handler                            0x0000046b   Thumb Code     2  startup_tm4c123.o(.text)
    GPIOG_Handler                            0x0000046d   Thumb Code     2  startup_tm4c123.o(.text)
    GPIOH_Handler                            0x0000046f   Thumb Code     2  startup_tm4c123.o(.text)
    UART2_Handler                            0x00000471   Thumb Code     2  startup_tm4c123.o(.text)
    SSI1_Handler                             0x00000473   Thumb Code     2  startup_tm4c123.o(.text)
    TIMER3A_Handler                          0x00000475   Thumb Code     2  startup_tm4c123.o(.text)
    TIMER3B_Handler                          0x00000477   Thumb Code     2  startup_tm4c123.o(.text)
    I2C1_Handler                             0x00000479   Thumb Code     2  startup_tm4c123.o(.text)
    QEI1_Handler                             0x0000047b   Thumb Code     2  startup_tm4c123.o(.text)
    CAN0_Handler                             0x0000047d   Thumb Code     2  startup_tm4c123.o(.text)
    CAN1_Handler                             0x0000047f   Thumb Code     2  startup_tm4c123.o(.text)
    CAN2_Handler                             0x00000481   Thumb Code     2  startup_tm4c123.o(.text)
    HIB_Handler                              0x00000483   Thumb Code     2  startup_tm4c123.o(.text)
    USB0_Handler                             0x00000485   Thumb Code     2  startup_tm4c123.o(.text)
    PWM0_3_Handler                           0x00000487   Thumb Code     2  startup_tm4c123.o(.text)
    UDMA_Handler                             0x00000489   Thumb Code     2  startup_tm4c123.o(.text)
    UDMAERR_Handler                          0x0000048b   Thumb Code     2  startup_tm4c123.o(.text)
    ADC1SS0_Handler                          0x0000048d   Thumb Code     2  startup_tm4c123.o(.text)
    ADC1SS1_Handler                          0x0000048f   Thumb Code     2  startup_tm4c123.o(.text)
    ADC1SS2_Handler                          0x00000491   Thumb Code     2  startup_tm4c123.o(.text)
    ADC1SS3_Handler                          0x00000493   Thumb Code     2  startup_tm4c123.o(.text)
    GPIOJ_Handler                            0x00000495   Thumb Code     2  startup_tm4c123.o(.text)
    GPIOK_Handler                            0x00000497   Thumb Code     2  startup_tm4c123.o(.text)
    GPIOL_Handler                            0x00000499   Thumb Code     2  startup_tm4c123.o(.text)
    SSI2_Handler                             0x0000049b   Thumb Code     2  startup_tm4c123.o(.text)
    SSI3_Handler                             0x0000049d   Thumb Code     2  startup_tm4c123.o(.text)
    UART3_Handler                            0x0000049f   Thumb Code     2  startup_tm4c123.o(.text)
    UART4_Handler                            0x000004a1   Thumb Code     2  startup_tm4c123.o(.text)
    UART5_Handler                            0x000004a3   Thumb Code     2  startup_tm4c123.o(.text)
    UART6_Handler                            0x000004a5   Thumb Code     2  startup_tm4c123.o(.text)
    UART7_Handler                            0x000004a7   Thumb Code     2  startup_tm4c123.o(.text)
    I2C2_Handler                             0x000004a9   Thumb Code     2  startup_tm4c123.o(.text)
    I2C3_Handler                             0x000004ab   Thumb Code     2  startup_tm4c123.o(.text)
    TIMER4A_Handler                          0x000004ad   Thumb Code     2  startup_tm4c123.o(.text)
    TIMER4B_Handler                          0x000004af   Thumb Code     2  startup_tm4c123.o(.text)
    TIMER5A_Handler                          0x000004b1   Thumb Code     2  startup_tm4c123.o(.text)
    TIMER5B_Handler                          0x000004b3   Thumb Code     2  startup_tm4c123.o(.text)
    WTIMER0A_Handler                         0x000004b5   Thumb Code     2  startup_tm4c123.o(.text)
    WTIMER0B_Handler                         0x000004b7   Thumb Code     2  startup_tm4c123.o(.text)
    WTIMER1A_Handler                         0x000004b9   Thumb Code     2  startup_tm4c123.o(.text)
    WTIMER1B_Handler                         0x000004bb   Thumb Code     2  startup_tm4c123.o(.text)
    WTIMER2A_Handler                         0x000004bd   Thumb Code     2  startup_tm4c123.o(.text)
    WTIMER2B_Handler                         0x000004bf   Thumb Code     2  startup_tm4c123.o(.text)
    WTIMER3A_Handler                         0x000004c1   Thumb Code     2  startup_tm4c123.o(.text)
    WTIMER3B_Handler                         0x000004c3   Thumb Code     2  startup_tm4c123.o(.text)
    WTIMER4A_Handler                         0x000004c5   Thumb Code     2  startup_tm4c123.o(.text)
    WTIMER4B_Handler                         0x000004c7   Thumb Code     2  startup_tm4c123.o(.text)
    WTIMER5A_Handler                         0x000004c9   Thumb Code     2  startup_tm4c123.o(.text)
    WTIMER5B_Handler                         0x000004cb   Thumb Code     2  startup_tm4c123.o(.text)
    FPU_Handler                              0x000004cd   Thumb Code     2  startup_tm4c123.o(.text)
    I2C4_Handler                             0x000004cf   Thumb Code     2  startup_tm4c123.o(.text)
    I2C5_Handler                             0x000004d1   Thumb Code     2  startup_tm4c123.o(.text)
    GPIOM_Handler                            0x000004d3   Thumb Code     2  startup_tm4c123.o(.text)
    GPION_Handler                            0x000004d5   Thumb Code     2  startup_tm4c123.o(.text)
    QEI2_Handler                             0x000004d7   Thumb Code     2  startup_tm4c123.o(.text)
    GPIOP0_Handler                           0x000004d9   Thumb Code     2  startup_tm4c123.o(.text)
    GPIOP1_Handler                           0x000004db   Thumb Code     2  startup_tm4c123.o(.text)
    GPIOP2_Handler                           0x000004dd   Thumb Code     2  startup_tm4c123.o(.text)
    GPIOP3_Handler                           0x000004df   Thumb Code     2  startup_tm4c123.o(.text)
    GPIOP4_Handler                           0x000004e1   Thumb Code     2  startup_tm4c123.o(.text)
    GPIOP5_Handler                           0x000004e3   Thumb Code     2  startup_tm4c123.o(.text)
    GPIOP6_Handler                           0x000004e5   Thumb Code     2  startup_tm4c123.o(.text)
    GPIOP7_Handler                           0x000004e7   Thumb Code     2  startup_tm4c123.o(.text)
    GPIOQ0_Handler                           0x000004e9   Thumb Code     2  startup_tm4c123.o(.text)
    GPIOQ1_Handler                           0x000004eb   Thumb Code     2  startup_tm4c123.o(.text)
    GPIOQ2_Handler                           0x000004ed   Thumb Code     2  startup_tm4c123.o(.text)
    GPIOQ3_Handler                           0x000004ef   Thumb Code     2  startup_tm4c123.o(.text)
    GPIOQ4_Handler                           0x000004f1   Thumb Code     2  startup_tm4c123.o(.text)
    GPIOQ5_Handler                           0x000004f3   Thumb Code     2  startup_tm4c123.o(.text)
    GPIOQ6_Handler                           0x000004f5   Thumb Code     2  startup_tm4c123.o(.text)
    GPIOQ7_Handler                           0x000004f7   Thumb Code     2  startup_tm4c123.o(.text)
    GPIOR_Handler                            0x000004f9   Thumb Code     2  startup_tm4c123.o(.text)
    GPIOS_Handler                            0x000004fb   Thumb Code     2  startup_tm4c123.o(.text)
    PMW1_0_Handler                           0x000004fd   Thumb Code     2  startup_tm4c123.o(.text)
    PWM1_1_Handler                           0x000004ff   Thumb Code     2  startup_tm4c123.o(.text)
    PWM1_2_Handler                           0x00000501   Thumb Code     2  startup_tm4c123.o(.text)
    PWM1_3_Handler                           0x00000503   Thumb Code     2  startup_tm4c123.o(.text)
    PWM1_FAULT_Handler                       0x00000505   Thumb Code     2  startup_tm4c123.o(.text)
    __user_initial_stackheap                 0x00000509   Thumb Code     0  startup_tm4c123.o(.text)
    __2sprintf                               0x00000529   Thumb Code    34  noretval__2sprintf.o(.text)
    __printf                                 0x00000551   Thumb Code   104  __printf.o(.text)
    _printf_int_dec                          0x000005b9   Thumb Code   104  _printf_dec.o(.text)
    srand                                    0x00000631   Thumb Code    42  rand.o(.text)
    _rand_init                               0x0000065b   Thumb Code     4  rand.o(.text)
    strcat                                   0x0000066d   Thumb Code    24  strcat.o(.text)
    __aeabi_memcpy                           0x00000685   Thumb Code     0  rt_memcpy_v6.o(.text)
    __rt_memcpy                              0x00000685   Thumb Code   138  rt_memcpy_v6.o(.text)
    _memcpy_lastbytes                        0x000006eb   Thumb Code     0  rt_memcpy_v6.o(.text)
    __aeabi_memset                           0x0000070f   Thumb Code    16  aeabi_memset.o(.text)
    __aeabi_memclr4                          0x0000071f   Thumb Code     0  rt_memclr_w.o(.text)
    __aeabi_memclr8                          0x0000071f   Thumb Code     0  rt_memclr_w.o(.text)
    __rt_memclr_w                            0x0000071f   Thumb Code    78  rt_memclr_w.o(.text)
    _memset_w                                0x00000723   Thumb Code     0  rt_memclr_w.o(.text)
    __use_two_region_memory                  0x0000076d   Thumb Code     2  heapauxi.o(.text)
    __rt_heap_escrow$2region                 0x0000076f   Thumb Code     2  heapauxi.o(.text)
    __rt_heap_expand$2region                 0x00000771   Thumb Code     2  heapauxi.o(.text)
    _printf_int_common                       0x00000773   Thumb Code   178  _printf_intcommon.o(.text)
    _printf_char_common                      0x0000082f   Thumb Code    32  _printf_char_common.o(.text)
    _sputc                                   0x00000855   Thumb Code    10  _sputc.o(.text)
    __aeabi_memcpy4                          0x0000085f   Thumb Code     0  rt_memcpy_w.o(.text)
    __aeabi_memcpy8                          0x0000085f   Thumb Code     0  rt_memcpy_w.o(.text)
    __rt_memcpy_w                            0x0000085f   Thumb Code   100  rt_memcpy_w.o(.text)
    _memcpy_lastbytes_aligned                0x000008a7   Thumb Code     0  rt_memcpy_w.o(.text)
    __aeabi_memclr                           0x000008c3   Thumb Code     0  rt_memclr.o(.text)
    __rt_memclr                              0x000008c3   Thumb Code    68  rt_memclr.o(.text)
    _memset                                  0x000008c7   Thumb Code     0  rt_memclr.o(.text)
    __user_setup_stackheap                   0x00000907   Thumb Code    74  sys_stackheap_outer.o(.text)
    exit                                     0x00000951   Thumb Code    18  exit.o(.text)
    __user_libspace                          0x00000965   Thumb Code     8  libspace.o(.text)
    __user_perproc_libspace                  0x00000965   Thumb Code     0  libspace.o(.text)
    __user_perthread_libspace                0x00000965   Thumb Code     0  libspace.o(.text)
    __I$use$semihosting                      0x0000096d   Thumb Code     0  use_no_semi.o(.text)
    __use_no_semihosting_swi                 0x0000096d   Thumb Code     2  use_no_semi.o(.text)
    __semihosting_library_function           0x0000096f   Thumb Code     0  indicate_semi.o(.text)
    _sys_exit                                0x00000971   Thumb Code     8  sys_exit.o(.text)
    ConfigureUART                            0x0000097d   Thumb Code    60  main.o(i.ConfigureUART)
    GPIODirModeSet                           0x000009c9   Thumb Code    40  gpio.o(i.GPIODirModeSet)
    GPIOPadConfigSet                         0x000009f1   Thumb Code   314  gpio.o(i.GPIOPadConfigSet)
    GPIOPinConfigure                         0x00000b2d   Thumb Code    64  gpio.o(i.GPIOPinConfigure)
    GPIOPinTypeUART                          0x00000b75   Thumb Code    28  gpio.o(i.GPIOPinTypeUART)
    SysCtlClockSet                           0x00000b91   Thumb Code   270  sysctl.o(i.SysCtlClockSet)
    SysCtlPeripheralEnable                   0x00000cb1   Thumb Code    36  sysctl.o(i.SysCtlPeripheralEnable)
    SysCtlPeripheralPresent                  0x00000cd9   Thumb Code    40  sysctl.o(i.SysCtlPeripheralPresent)
    SysTick_Handler                          0x00000d05   Thumb Code    46  port.o(i.SysTick_Handler)
    SystemInit                               0x00000d39   Thumb Code   112  system_tm4c123.o(i.SystemInit)
    UARTCharPut                              0x00000dd1   Thumb Code    12  uart.o(i.UARTCharPut)
    UARTClockSourceSet                       0x00000ddd   Thumb Code     6  uart.o(i.UARTClockSourceSet)
    UARTConfigSetExpClk                      0x00000de3   Thumb Code   110  uart.o(i.UARTConfigSetExpClk)
    UARTEnable                               0x00000e51   Thumb Code    20  uart.o(i.UARTEnable)
    UARTStdioConfig                          0x00000e65   Thumb Code    68  uartstdio.o(i.UARTStdioConfig)
    UARTprintGateKeeper                      0x00000eb5   Thumb Code    94  main.o(i.UARTprintGateKeeper)
    UARTprintf                               0x00000f2d   Thumb Code    26  uartstdio.o(i.UARTprintf)
    UARTvprintf                              0x00000f49   Thumb Code   574  uartstdio.o(i.UARTvprintf)
    UARTwrite                                0x00001199   Thumb Code    46  uartstdio.o(i.UARTwrite)
    eTaskConfirmSleepModeStatus              0x000011cd   Thumb Code    42  tasks.o(i.eTaskConfirmSleepModeStatus)
    initRandomNumbers                        0x00001209   Thumb Code   286  main.o(i.initRandomNumbers)
    main                                     0x00001379   Thumb Code   120  main.o(i.main)
    merge                                    0x00001435   Thumb Code   340  main.o(i.merge)
    mergeSort                                0x00001589   Thumb Code    62  main.o(i.mergeSort)
    myScheduler                              0x000015c9   Thumb Code    86  main.o(i.myScheduler)
    myTask                                   0x00001635   Thumb Code    62  main.o(i.myTask)
    printArray                               0x00001691   Thumb Code    36  main.o(i.printArray)
    pvPortMalloc                             0x000021f1   Thumb Code   296  heap_4.o(i.pvPortMalloc)
    pxPortInitialiseStack                    0x0000232d   Thumb Code    38  port.o(i.pxPortInitialiseStack)
    testSchedulablity                        0x00002359   Thumb Code   110  main.o(i.testSchedulablity)
    uxListRemove                             0x00002409   Thumb Code    40  list.o(i.uxListRemove)
    vListInitialise                          0x00002431   Thumb Code    26  list.o(i.vListInitialise)
    vListInitialiseItem                      0x0000244b   Thumb Code     6  list.o(i.vListInitialiseItem)
    vListInsert                              0x00002451   Thumb Code    52  list.o(i.vListInsert)
    vListInsertEnd                           0x00002485   Thumb Code    24  list.o(i.vListInsertEnd)
    vPortEnterCritical                       0x0000249d   Thumb Code    76  port.o(i.vPortEnterCritical)
    vPortExitCritical                        0x000024f1   Thumb Code    56  port.o(i.vPortExitCritical)
    vPortFree                                0x0000252d   Thumb Code   140  heap_4.o(i.vPortFree)
    vPortSetupTimerInterrupt                 0x000025c1   Thumb Code    86  port.o(i.vPortSetupTimerInterrupt)
    vPortSuppressTicksAndSleep               0x00002629   Thumb Code   320  port.o(i.vPortSuppressTicksAndSleep)
    vPortValidateInterruptPriority           0x00002775   Thumb Code   106  port.o(i.vPortValidateInterruptPriority)
    vQueueWaitForMessageRestricted           0x000027ed   Thumb Code    74  queue.o(i.vQueueWaitForMessageRestricted)
    vTaskDelay                               0x00002839   Thumb Code    82  tasks.o(i.vTaskDelay)
    vTaskInternalSetTimeOutState             0x00002895   Thumb Code    14  tasks.o(i.vTaskInternalSetTimeOutState)
    vTaskMissedYield                         0x000028ad   Thumb Code     8  tasks.o(i.vTaskMissedYield)
    vTaskPlaceOnEventList                    0x000028b9   Thumb Code    52  tasks.o(i.vTaskPlaceOnEventList)
    vTaskPlaceOnEventListRestricted          0x000028f1   Thumb Code    60  tasks.o(i.vTaskPlaceOnEventListRestricted)
    vTaskStartScheduler                      0x00002931   Thumb Code   118  tasks.o(i.vTaskStartScheduler)
    vTaskStepTick                            0x000029c5   Thumb Code    56  tasks.o(i.vTaskStepTick)
    vTaskSuspendAll                          0x00002a05   Thumb Code    12  tasks.o(i.vTaskSuspendAll)
    vTaskSwitchContext                       0x00002a15   Thumb Code   118  tasks.o(i.vTaskSwitchContext)
    xPortStartScheduler                      0x00002aa1   Thumb Code   330  port.o(i.xPortStartScheduler)
    xQueueGenericCreate                      0x00002c09   Thumb Code    90  queue.o(i.xQueueGenericCreate)
    xQueueGenericReset                       0x00002c65   Thumb Code   146  queue.o(i.xQueueGenericReset)
    xQueueGenericSend                        0x00002cfd   Thumb Code   468  queue.o(i.xQueueGenericSend)
    xQueueGenericSendFromISR                 0x00002ed5   Thumb Code   264  queue.o(i.xQueueGenericSendFromISR)
    xQueueReceive                            0x00002fdd   Thumb Code   356  queue.o(i.xQueueReceive)
    xTaskCheckForTimeOut                     0x00003145   Thumb Code   156  tasks.o(i.xTaskCheckForTimeOut)
    xTaskCreate                              0x000031ed   Thumb Code    96  tasks.o(i.xTaskCreate)
    xTaskGetSchedulerState                   0x0000324d   Thumb Code    24  tasks.o(i.xTaskGetSchedulerState)
    xTaskGetTickCount                        0x0000326d   Thumb Code     6  tasks.o(i.xTaskGetTickCount)
    xTaskIncrementTick                       0x00003279   Thumb Code   282  tasks.o(i.xTaskIncrementTick)
    xTaskPriorityDisinherit                  0x000033c1   Thumb Code   188  tasks.o(i.xTaskPriorityDisinherit)
    xTaskRemoveFromEventList                 0x00003489   Thumb Code   132  tasks.o(i.xTaskRemoveFromEventList)
    xTaskResumeAll                           0x00003525   Thumb Code   224  tasks.o(i.xTaskResumeAll)
    xTimerCreateTimerTask                    0x00003629   Thumb Code    64  timers.o(i.xTimerCreateTimerTask)
    xTimerGenericCommand                     0x0000367d   Thumb Code   128  timers.o(i.xTimerGenericCommand)
    _fp_init                                 0x00003701   Thumb Code    10  fpinit.o(x$fpl$fpinit)
    __fplib_config_fpu_vfp                   0x00003709   Thumb Code     0  fpinit.o(x$fpl$fpinit)
    __fplib_config_pureend_doubles           0x00003709   Thumb Code     0  fpinit.o(x$fpl$fpinit)
    Region$$Table$$Base                      0x000039b0   Number         0  anon$$obj.o(Region$$Table)
    Region$$Table$$Limit                     0x000039d0   Number         0  anon$$obj.o(Region$$Table)
    TSTticks                                 0x20000000   Data           4  main.o(.data)
    n                                        0x20000004   Data           4  main.o(.data)
    TA                                       0x20000008   Data           4  main.o(.data)
    TC                                       0x2000000c   Data           4  main.o(.data)
    TP                                       0x20000010   Data           8  main.o(.data)
    safeMode                                 0x20000018   Data           1  main.o(.data)
    THs                                      0x2000001c   Data           4  main.o(.data)
    myQueue                                  0x20000020   Data           4  main.o(.data)
    stringToPrint                            0x20000024   Data          20  main.o(.data)
    SystemCoreClock                          0x20000040   Data           4  system_tm4c123.o(.data)
    pxCurrentTCB                             0x20000074   Data           4  tasks.o(.data)
    _random_number_data                      0x200021e0   Data         228  rand.o(.bss)
    __libspace_start                         0x200022c4   Data          96  libspace.o(.bss)
    __temporary_stack_top$libspace           0x20002324   Data           0  libspace.o(.bss)



==============================================================================

Memory Map of the image

  Image Entry point : 0x00000415

  Load Region LR_1 (Base: 0x00000000, Size: 0x00003a94, Max: 0xffffffff, ABSOLUTE)

    Execution Region ER_RO (Exec base: 0x00000000, Load base: 0x00000000, Size: 0x000039d0, Max: 0xffffffff, ABSOLUTE)

    Exec Addr    Load Addr    Size         Type   Attr      Idx    E Section Name        Object

    0x00000000   0x00000000   0x0000026c   Data   RO          218    RESET               startup_tm4c123.o
    0x0000026c   0x0000026c   0x00000008   Code   RO         2605  * !!!main             c_w.l(__main.o)
    0x00000274   0x00000274   0x00000034   Code   RO         2775    !!!scatter          c_w.l(__scatter.o)
    0x000002a8   0x000002a8   0x0000001a   Code   RO         2777    !!handler_copy      c_w.l(__scatter_copy.o)
    0x000002c2   0x000002c2   0x00000002   PAD
    0x000002c4   0x000002c4   0x0000001c   Code   RO         2779    !!handler_zi        c_w.l(__scatter_zi.o)
    0x000002e0   0x000002e0   0x00000000   Code   RO         2585    .ARM.Collect$$_printf_percent$$00000000  c_w.l(_printf_percent.o)
    0x000002e0   0x000002e0   0x00000006   Code   RO         2584    .ARM.Collect$$_printf_percent$$00000009  c_w.l(_printf_d.o)
    0x000002e6   0x000002e6   0x00000004   Code   RO         2614    .ARM.Collect$$_printf_percent$$00000017  c_w.l(_printf_percent_end.o)
    0x000002ea   0x000002ea   0x00000002   Code   RO         2698    .ARM.Collect$$libinit$$00000000  c_w.l(libinit.o)
    0x000002ec   0x000002ec   0x00000004   Code   RO         2619    .ARM.Collect$$libinit$$00000001  c_w.l(libinit2.o)
    0x000002f0   0x000002f0   0x00000000   Code   RO         2622    .ARM.Collect$$libinit$$00000004  c_w.l(libinit2.o)
    0x000002f0   0x000002f0   0x00000000   Code   RO         2625    .ARM.Collect$$libinit$$0000000A  c_w.l(libinit2.o)
    0x000002f0   0x000002f0   0x00000000   Code   RO         2627    .ARM.Collect$$libinit$$0000000C  c_w.l(libinit2.o)
    0x000002f0   0x000002f0   0x00000004   Code   RO         2628    .ARM.Collect$$libinit$$0000000D  c_w.l(libinit2.o)
    0x000002f4   0x000002f4   0x00000000   Code   RO         2629    .ARM.Collect$$libinit$$0000000E  c_w.l(libinit2.o)
    0x000002f4   0x000002f4   0x00000000   Code   RO         2632    .ARM.Collect$$libinit$$00000011  c_w.l(libinit2.o)
    0x000002f4   0x000002f4   0x00000000   Code   RO         2634    .ARM.Collect$$libinit$$00000013  c_w.l(libinit2.o)
    0x000002f4   0x000002f4   0x00000000   Code   RO         2636    .ARM.Collect$$libinit$$00000015  c_w.l(libinit2.o)
    0x000002f4   0x000002f4   0x00000000   Code   RO         2638    .ARM.Collect$$libinit$$00000017  c_w.l(libinit2.o)
    0x000002f4   0x000002f4   0x00000000   Code   RO         2640    .ARM.Collect$$libinit$$00000019  c_w.l(libinit2.o)
    0x000002f4   0x000002f4   0x00000000   Code   RO         2642    .ARM.Collect$$libinit$$0000001B  c_w.l(libinit2.o)
    0x000002f4   0x000002f4   0x00000000   Code   RO         2644    .ARM.Collect$$libinit$$0000001D  c_w.l(libinit2.o)
    0x000002f4   0x000002f4   0x00000000   Code   RO         2646    .ARM.Collect$$libinit$$0000001F  c_w.l(libinit2.o)
    0x000002f4   0x000002f4   0x00000000   Code   RO         2648    .ARM.Collect$$libinit$$00000021  c_w.l(libinit2.o)
    0x000002f4   0x000002f4   0x00000000   Code   RO         2650    .ARM.Collect$$libinit$$00000023  c_w.l(libinit2.o)
    0x000002f4   0x000002f4   0x00000000   Code   RO         2652    .ARM.Collect$$libinit$$00000025  c_w.l(libinit2.o)
    0x000002f4   0x000002f4   0x00000000   Code   RO         2656    .ARM.Collect$$libinit$$0000002C  c_w.l(libinit2.o)
    0x000002f4   0x000002f4   0x00000000   Code   RO         2658    .ARM.Collect$$libinit$$0000002E  c_w.l(libinit2.o)
    0x000002f4   0x000002f4   0x00000000   Code   RO         2660    .ARM.Collect$$libinit$$00000030  c_w.l(libinit2.o)
    0x000002f4   0x000002f4   0x00000000   Code   RO         2662    .ARM.Collect$$libinit$$00000032  c_w.l(libinit2.o)
    0x000002f4   0x000002f4   0x00000002   Code   RO         2663    .ARM.Collect$$libinit$$00000033  c_w.l(libinit2.o)
    0x000002f6   0x000002f6   0x00000002   Code   RO         2736    .ARM.Collect$$libshutdown$$00000000  c_w.l(libshutdown.o)
    0x000002f8   0x000002f8   0x00000000   Code   RO         2742    .ARM.Collect$$libshutdown$$00000002  c_w.l(libshutdown2.o)
    0x000002f8   0x000002f8   0x00000000   Code   RO         2744    .ARM.Collect$$libshutdown$$00000004  c_w.l(libshutdown2.o)
    0x000002f8   0x000002f8   0x00000000   Code   RO         2747    .ARM.Collect$$libshutdown$$00000007  c_w.l(libshutdown2.o)
    0x000002f8   0x000002f8   0x00000000   Code   RO         2750    .ARM.Collect$$libshutdown$$0000000A  c_w.l(libshutdown2.o)
    0x000002f8   0x000002f8   0x00000000   Code   RO         2752    .ARM.Collect$$libshutdown$$0000000C  c_w.l(libshutdown2.o)
    0x000002f8   0x000002f8   0x00000000   Code   RO         2755    .ARM.Collect$$libshutdown$$0000000F  c_w.l(libshutdown2.o)
    0x000002f8   0x000002f8   0x00000002   Code   RO         2756    .ARM.Collect$$libshutdown$$00000010  c_w.l(libshutdown2.o)
    0x000002fa   0x000002fa   0x00000000   Code   RO         2607    .ARM.Collect$$rtentry$$00000000  c_w.l(__rtentry.o)
    0x000002fa   0x000002fa   0x00000000   Code   RO         2665    .ARM.Collect$$rtentry$$00000002  c_w.l(__rtentry2.o)
    0x000002fa   0x000002fa   0x00000006   Code   RO         2677    .ARM.Collect$$rtentry$$00000004  c_w.l(__rtentry4.o)
    0x00000300   0x00000300   0x00000000   Code   RO         2667    .ARM.Collect$$rtentry$$00000009  c_w.l(__rtentry2.o)
    0x00000300   0x00000300   0x00000004   Code   RO         2668    .ARM.Collect$$rtentry$$0000000A  c_w.l(__rtentry2.o)
    0x00000304   0x00000304   0x00000000   Code   RO         2670    .ARM.Collect$$rtentry$$0000000C  c_w.l(__rtentry2.o)
    0x00000304   0x00000304   0x00000008   Code   RO         2671    .ARM.Collect$$rtentry$$0000000D  c_w.l(__rtentry2.o)
    0x0000030c   0x0000030c   0x00000002   Code   RO         2704    .ARM.Collect$$rtexit$$00000000  c_w.l(rtexit.o)
    0x0000030e   0x0000030e   0x00000000   Code   RO         2716    .ARM.Collect$$rtexit$$00000002  c_w.l(rtexit2.o)
    0x0000030e   0x0000030e   0x00000004   Code   RO         2717    .ARM.Collect$$rtexit$$00000003  c_w.l(rtexit2.o)
    0x00000312   0x00000312   0x00000006   Code   RO         2718    .ARM.Collect$$rtexit$$00000004  c_w.l(rtexit2.o)
    0x00000318   0x00000318   0x000000be   Code   RO          429    .emb_text           port.o
    0x000003d6   0x000003d6   0x00000002   PAD
    0x000003d8   0x000003d8   0x00000006   Code   RO         1797    .emb_text           driverlib.lib(sysctl.o)
    0x000003de   0x000003de   0x00000002   PAD
    0x000003e0   0x000003e0   0x00000034   Code   RO         2586    .emb_text           c_w.l(rand.o)
    0x00000414   0x00000414   0x00000114   Code   RO          219  * .text               startup_tm4c123.o
    0x00000528   0x00000528   0x00000028   Code   RO         2558    .text               c_w.l(noretval__2sprintf.o)
    0x00000550   0x00000550   0x00000068   Code   RO         2560    .text               c_w.l(__printf.o)
    0x000005b8   0x000005b8   0x00000078   Code   RO         2562    .text               c_w.l(_printf_dec.o)
    0x00000630   0x00000630   0x0000003c   Code   RO         2587    .text               c_w.l(rand.o)
    0x0000066c   0x0000066c   0x00000018   Code   RO         2593    .text               c_w.l(strcat.o)
    0x00000684   0x00000684   0x0000008a   Code   RO         2595    .text               c_w.l(rt_memcpy_v6.o)
    0x0000070e   0x0000070e   0x00000010   Code   RO         2599    .text               c_w.l(aeabi_memset.o)
    0x0000071e   0x0000071e   0x0000004e   Code   RO         2601    .text               c_w.l(rt_memclr_w.o)
    0x0000076c   0x0000076c   0x00000006   Code   RO         2603    .text               c_w.l(heapauxi.o)
    0x00000772   0x00000772   0x000000b2   Code   RO         2608    .text               c_w.l(_printf_intcommon.o)
    0x00000824   0x00000824   0x00000030   Code   RO         2610    .text               c_w.l(_printf_char_common.o)
    0x00000854   0x00000854   0x0000000a   Code   RO         2612    .text               c_w.l(_sputc.o)
    0x0000085e   0x0000085e   0x00000064   Code   RO         2615    .text               c_w.l(rt_memcpy_w.o)
    0x000008c2   0x000008c2   0x00000044   Code   RO         2617    .text               c_w.l(rt_memclr.o)
    0x00000906   0x00000906   0x0000004a   Code   RO         2685    .text               c_w.l(sys_stackheap_outer.o)
    0x00000950   0x00000950   0x00000012   Code   RO         2687    .text               c_w.l(exit.o)
    0x00000962   0x00000962   0x00000002   PAD
    0x00000964   0x00000964   0x00000008   Code   RO         2701    .text               c_w.l(libspace.o)
    0x0000096c   0x0000096c   0x00000002   Code   RO         2712    .text               c_w.l(use_no_semi.o)
    0x0000096e   0x0000096e   0x00000000   Code   RO         2714    .text               c_w.l(indicate_semi.o)
    0x0000096e   0x0000096e   0x00000002   PAD
    0x00000970   0x00000970   0x0000000c   Code   RO         2728    .text               c_w.l(sys_exit.o)
    0x0000097c   0x0000097c   0x0000004c   Code   RO            1    i.ConfigureUART     main.o
    0x000009c8   0x000009c8   0x00000028   Code   RO         1476    i.GPIODirModeSet    driverlib.lib(gpio.o)
    0x000009f0   0x000009f0   0x0000013a   Code   RO         1486    i.GPIOPadConfigSet  driverlib.lib(gpio.o)
    0x00000b2a   0x00000b2a   0x00000002   PAD
    0x00000b2c   0x00000b2c   0x00000048   Code   RO         1487    i.GPIOPinConfigure  driverlib.lib(gpio.o)
    0x00000b74   0x00000b74   0x0000001c   Code   RO         1512    i.GPIOPinTypeUART   driverlib.lib(gpio.o)
    0x00000b90   0x00000b90   0x00000120   Code   RO         1802    i.SysCtlClockSet    driverlib.lib(sysctl.o)
    0x00000cb0   0x00000cb0   0x00000028   Code   RO         1831    i.SysCtlPeripheralEnable  driverlib.lib(sysctl.o)
    0x00000cd8   0x00000cd8   0x0000002c   Code   RO         1834    i.SysCtlPeripheralPresent  driverlib.lib(sysctl.o)
    0x00000d04   0x00000d04   0x00000034   Code   RO          430    i.SysTick_Handler   port.o
    0x00000d38   0x00000d38   0x00000098   Code   RO          228    i.SystemInit        system_tm4c123.o
    0x00000dd0   0x00000dd0   0x0000000c   Code   RO         2153    i.UARTCharPut       driverlib.lib(uart.o)
    0x00000ddc   0x00000ddc   0x00000006   Code   RO         2157    i.UARTClockSourceSet  driverlib.lib(uart.o)
    0x00000de2   0x00000de2   0x0000006e   Code   RO         2159    i.UARTConfigSetExpClk  driverlib.lib(uart.o)
    0x00000e50   0x00000e50   0x00000014   Code   RO         2164    i.UARTEnable        driverlib.lib(uart.o)
    0x00000e64   0x00000e64   0x00000050   Code   RO          155    i.UARTStdioConfig   uartstdio.o
    0x00000eb4   0x00000eb4   0x00000078   Code   RO            2    i.UARTprintGateKeeper  main.o
    0x00000f2c   0x00000f2c   0x0000001a   Code   RO          158    i.UARTprintf        uartstdio.o
    0x00000f46   0x00000f46   0x00000002   PAD
    0x00000f48   0x00000f48   0x00000250   Code   RO          159    i.UARTvprintf       uartstdio.o
    0x00001198   0x00001198   0x00000034   Code   RO          160    i.UARTwrite         uartstdio.o
    0x000011cc   0x000011cc   0x0000003c   Code   RO          914    i.eTaskConfirmSleepModeStatus  tasks.o
    0x00001208   0x00001208   0x00000170   Code   RO            3    i.initRandomNumbers  main.o
    0x00001378   0x00001378   0x000000bc   Code   RO            4    i.main              main.o
    0x00001434   0x00001434   0x00000154   Code   RO            5    i.merge             main.o
    0x00001588   0x00001588   0x0000003e   Code   RO            6    i.mergeSort         main.o
    0x000015c6   0x000015c6   0x00000002   PAD
    0x000015c8   0x000015c8   0x0000006c   Code   RO            7    i.myScheduler       main.o
    0x00001634   0x00001634   0x0000005c   Code   RO            8    i.myTask            main.o
    0x00001690   0x00001690   0x0000002c   Code   RO            9    i.printArray        main.o
    0x000016bc   0x000016bc   0x000000a4   Code   RO          917    i.prvAddCurrentTaskToDelayedList  tasks.o
    0x00001760   0x00001760   0x000000b8   Code   RO          918    i.prvAddNewTaskToReadyList  tasks.o
    0x00001818   0x00001818   0x0000004c   Code   RO         1320    i.prvCheckForValidListAndQueue  timers.o
    0x00001864   0x00001864   0x00000048   Code   RO          919    i.prvCheckTasksWaitingTermination  tasks.o
    0x000018ac   0x000018ac   0x0000002a   Code   RO          512    i.prvCopyDataFromQueue  queue.o
    0x000018d6   0x000018d6   0x0000007e   Code   RO          513    i.prvCopyDataToQueue  queue.o
    0x00001954   0x00001954   0x00000012   Code   RO          920    i.prvDeleteTCB      tasks.o
    0x00001966   0x00001966   0x00000002   PAD
    0x00001968   0x00001968   0x0000004c   Code   RO          921    i.prvGetExpectedIdleTime  tasks.o
    0x000019b4   0x000019b4   0x00000028   Code   RO         1321    i.prvGetNextExpireTime  timers.o
    0x000019dc   0x000019dc   0x0000007c   Code   RO          368    i.prvHeapInit       heap_4.o
    0x00001a58   0x00001a58   0x0000007c   Code   RO          922    i.prvIdleTask       tasks.o
    0x00001ad4   0x00001ad4   0x0000002e   Code   RO          516    i.prvInitialiseNewQueue  queue.o
    0x00001b02   0x00001b02   0x000000c2   Code   RO          923    i.prvInitialiseNewTask  tasks.o
    0x00001bc4   0x00001bc4   0x00000068   Code   RO          924    i.prvInitialiseTaskLists  tasks.o
    0x00001c2c   0x00001c2c   0x00000068   Code   RO          369    i.prvInsertBlockIntoFreeList  heap_4.o
    0x00001c94   0x00001c94   0x00000058   Code   RO         1323    i.prvInsertTimerInActiveList  timers.o
    0x00001cec   0x00001cec   0x0000001a   Code   RO          517    i.prvIsQueueEmpty   queue.o
    0x00001d06   0x00001d06   0x0000001e   Code   RO          518    i.prvIsQueueFull    queue.o
    0x00001d24   0x00001d24   0x00000090   Code   RO          519    i.prvNotifyQueueSetContainer  queue.o
    0x00001db4   0x00001db4   0x00000074   Code   RO         1324    i.prvProcessExpiredTimer  timers.o
    0x00001e28   0x00001e28   0x00000164   Code   RO         1325    i.prvProcessReceivedCommands  timers.o
    0x00001f8c   0x00001f8c   0x00000074   Code   RO         1326    i.prvProcessTimerOrBlockTask  timers.o
    0x00002000   0x00002000   0x00000034   Code   RO          926    i.prvResetNextTaskUnblockTime  tasks.o
    0x00002034   0x00002034   0x0000002c   Code   RO         1327    i.prvSampleTimeNow  timers.o
    0x00002060   0x00002060   0x000000a4   Code   RO         1328    i.prvSwitchTimerLists  timers.o
    0x00002104   0x00002104   0x00000040   Code   RO          431    i.prvTaskExitError  port.o
    0x00002144   0x00002144   0x0000001a   Code   RO         1329    i.prvTimerTask      timers.o
    0x0000215e   0x0000215e   0x00000092   Code   RO          520    i.prvUnlockQueue    queue.o
    0x000021f0   0x000021f0   0x0000013c   Code   RO          370    i.pvPortMalloc      heap_4.o
    0x0000232c   0x0000232c   0x0000002c   Code   RO          432    i.pxPortInitialiseStack  port.o
    0x00002358   0x00002358   0x000000b0   Code   RO           10    i.testSchedulablity  main.o
    0x00002408   0x00002408   0x00000028   Code   RO          317    i.uxListRemove      list.o
    0x00002430   0x00002430   0x0000001a   Code   RO          318    i.vListInitialise   list.o
    0x0000244a   0x0000244a   0x00000006   Code   RO          319    i.vListInitialiseItem  list.o
    0x00002450   0x00002450   0x00000034   Code   RO          320    i.vListInsert       list.o
    0x00002484   0x00002484   0x00000018   Code   RO          321    i.vListInsertEnd    list.o
    0x0000249c   0x0000249c   0x00000054   Code   RO          434    i.vPortEnterCritical  port.o
    0x000024f0   0x000024f0   0x0000003c   Code   RO          435    i.vPortExitCritical  port.o
    0x0000252c   0x0000252c   0x00000094   Code   RO          371    i.vPortFree         heap_4.o
    0x000025c0   0x000025c0   0x00000068   Code   RO          436    i.vPortSetupTimerInterrupt  port.o
    0x00002628   0x00002628   0x0000014c   Code   RO          437    i.vPortSuppressTicksAndSleep  port.o
    0x00002774   0x00002774   0x00000078   Code   RO          438    i.vPortValidateInterruptPriority  port.o
    0x000027ec   0x000027ec   0x0000004a   Code   RO          528    i.vQueueWaitForMessageRestricted  queue.o
    0x00002836   0x00002836   0x00000002   PAD
    0x00002838   0x00002838   0x0000005c   Code   RO          940    i.vTaskDelay        tasks.o
    0x00002894   0x00002894   0x00000018   Code   RO          945    i.vTaskInternalSetTimeOutState  tasks.o
    0x000028ac   0x000028ac   0x0000000c   Code   RO          946    i.vTaskMissedYield  tasks.o
    0x000028b8   0x000028b8   0x00000038   Code   RO          948    i.vTaskPlaceOnEventList  tasks.o
    0x000028f0   0x000028f0   0x00000040   Code   RO          949    i.vTaskPlaceOnEventListRestricted  tasks.o
    0x00002930   0x00002930   0x00000094   Code   RO          957    i.vTaskStartScheduler  tasks.o
    0x000029c4   0x000029c4   0x00000040   Code   RO          958    i.vTaskStepTick     tasks.o
    0x00002a04   0x00002a04   0x00000010   Code   RO          960    i.vTaskSuspendAll   tasks.o
    0x00002a14   0x00002a14   0x0000008c   Code   RO          961    i.vTaskSwitchContext  tasks.o
    0x00002aa0   0x00002aa0   0x00000168   Code   RO          439    i.xPortStartScheduler  port.o
    0x00002c08   0x00002c08   0x0000005a   Code   RO          533    i.xQueueGenericCreate  queue.o
    0x00002c62   0x00002c62   0x00000002   PAD
    0x00002c64   0x00002c64   0x00000098   Code   RO          534    i.xQueueGenericReset  queue.o
    0x00002cfc   0x00002cfc   0x000001d8   Code   RO          535    i.xQueueGenericSend  queue.o
    0x00002ed4   0x00002ed4   0x00000108   Code   RO          536    i.xQueueGenericSendFromISR  queue.o
    0x00002fdc   0x00002fdc   0x00000168   Code   RO          545    i.xQueueReceive     queue.o
    0x00003144   0x00003144   0x000000a8   Code   RO          963    i.xTaskCheckForTimeOut  tasks.o
    0x000031ec   0x000031ec   0x00000060   Code   RO          964    i.xTaskCreate       tasks.o
    0x0000324c   0x0000324c   0x00000020   Code   RO          970    i.xTaskGetSchedulerState  tasks.o
    0x0000326c   0x0000326c   0x0000000c   Code   RO          971    i.xTaskGetTickCount  tasks.o
    0x00003278   0x00003278   0x00000148   Code   RO          973    i.xTaskIncrementTick  tasks.o
    0x000033c0   0x000033c0   0x000000c8   Code   RO          976    i.xTaskPriorityDisinherit  tasks.o
    0x00003488   0x00003488   0x0000009c   Code   RO          978    i.xTaskRemoveFromEventList  tasks.o
    0x00003524   0x00003524   0x00000104   Code   RO          979    i.xTaskResumeAll    tasks.o
    0x00003628   0x00003628   0x00000054   Code   RO         1336    i.xTimerCreateTimerTask  timers.o
    0x0000367c   0x0000367c   0x00000084   Code   RO         1337    i.xTimerGenericCommand  timers.o
    0x00003700   0x00003700   0x0000000a   Code   RO         2683    x$fpl$fpinit        fz_wm.l(fpinit.o)
    0x0000370a   0x0000370a   0x00000002   PAD
    0x0000370c   0x0000370c   0x0000001c   Data   RO          161    .constdata          uartstdio.o
    0x00003728   0x00003728   0x00000210   Data   RO         1519    .constdata          driverlib.lib(gpio.o)
    0x00003938   0x00003938   0x00000063   Data   RO           11    .conststring        main.o
    0x0000399b   0x0000399b   0x00000001   PAD
    0x0000399c   0x0000399c   0x00000011   Data   RO          162    .conststring        uartstdio.o
    0x000039ad   0x000039ad   0x00000003   PAD
    0x000039b0   0x000039b0   0x00000020   Data   RO         2773    Region$$Table       anon$$obj.o


    Execution Region ER_RW (Exec base: 0x20000000, Load base: 0x000039d0, Size: 0x000000c4, Max: 0xffffffff, ABSOLUTE)

    Exec Addr    Load Addr    Size         Type   Attr      Idx    E Section Name        Object

    0x20000000   0x000039d0   0x00000038   Data   RW           12    .data               main.o
    0x20000038   0x00003a08   0x00000005   Data   RW          163    .data               uartstdio.o
    0x2000003d   0x00003a0d   0x00000003   PAD
    0x20000040   0x00003a10   0x00000004   Data   RW          230    .data               system_tm4c123.o
    0x20000044   0x00003a14   0x00000018   Data   RW          376    .data               heap_4.o
    0x2000005c   0x00003a2c   0x00000018   Data   RW          440    .data               port.o
    0x20000074   0x00003a44   0x0000003c   Data   RW          982    .data               tasks.o
    0x200000b0   0x00003a80   0x00000014   Data   RW         1345    .data               timers.o


    Execution Region ER_ZI (Exec base: 0x200000c4, Load base: 0x00003a94, Size: 0x00002464, Max: 0xffffffff, ABSOLUTE)

    Exec Addr    Load Addr    Size         Type   Attr      Idx    E Section Name        Object

    0x200000c4        -       0x00002004   Zero   RW          375    .bss                heap_4.o
    0x200020c8        -       0x000000f0   Zero   RW          981    .bss                tasks.o
    0x200021b8        -       0x00000028   Zero   RW         1344    .bss                timers.o
    0x200021e0        -       0x000000e4   Zero   RW         2588    .bss                c_w.l(rand.o)
    0x200022c4        -       0x00000060   Zero   RW         2702    .bss                c_w.l(libspace.o)
    0x20002324   0x00003a94   0x00000004   PAD
    0x20002328        -       0x00000000   Zero   RW          217    HEAP                startup_tm4c123.o
    0x20002328        -       0x00000200   Zero   RW          216    STACK               startup_tm4c123.o


==============================================================================

Image component sizes


      Code (inc. data)   RO Data    RW Data    ZI Data      Debug   Object Name

       692         62          0         24       8196      13371   heap_4.o
       148          0          0          0          0       5214   list.o
      1574        318         99         56          0      25854   main.o
      1410        118          0         24          0      13738   port.o
      1972         14          0          0          0      25699   queue.o
       276         24        620          0        512       5484   startup_tm4c123.o
       152         40          0          4          0        843   system_tm4c123.o
      2916        408          0         60        240      28940   tasks.o
      1242        106          0         20         40      13519   timers.o
       750         36         45          5          0       4768   uartstdio.o

    ----------------------------------------------------------------------
     11144       1126        800        196       8988     137430   Object Totals
         0          0         32          0          0          0   (incl. Generated)
        12          0          4          3          0          0   (incl. Padding)

    ----------------------------------------------------------------------

      Code (inc. data)   RO Data    RW Data    ZI Data      Debug   Library Member Name

         8          0          0          0          0         68   __main.o
       104          0          0          0          0         84   __printf.o
         0          0          0          0          0          0   __rtentry.o
        12          0          0          0          0          0   __rtentry2.o
         6          0          0          0          0          0   __rtentry4.o
        52          8          0          0          0          0   __scatter.o
        26          0          0          0          0          0   __scatter_copy.o
        28          0          0          0          0          0   __scatter_zi.o
        48          6          0          0          0         96   _printf_char_common.o
         6          0          0          0          0          0   _printf_d.o
       120         16          0          0          0         92   _printf_dec.o
       178          0          0          0          0         88   _printf_intcommon.o
         0          0          0          0          0          0   _printf_percent.o
         4          0          0          0          0          0   _printf_percent_end.o
        10          0          0          0          0         68   _sputc.o
        16          0          0          0          0         68   aeabi_memset.o
        18          0          0          0          0         80   exit.o
         6          0          0          0          0        152   heapauxi.o
         0          0          0          0          0          0   indicate_semi.o
         2          0          0          0          0          0   libinit.o
        10          0          0          0          0          0   libinit2.o
         2          0          0          0          0          0   libshutdown.o
         2          0          0          0          0          0   libshutdown2.o
         8          4          0          0         96         68   libspace.o
        40          6          0          0          0         84   noretval__2sprintf.o
       112         18          0          0        228        160   rand.o
        68          0          0          0          0         68   rt_memclr.o
        78          0          0          0          0         80   rt_memclr_w.o
       138          0          0          0          0         68   rt_memcpy_v6.o
       100          0          0          0          0         80   rt_memcpy_w.o
         2          0          0          0          0          0   rtexit.o
        10          0          0          0          0          0   rtexit2.o
        24          0          0          0          0         68   strcat.o
        12          4          0          0          0         68   sys_exit.o
        74          0          0          0          0         80   sys_stackheap_outer.o
         2          0          0          0          0         68   use_no_semi.o
       454          8        528          0          0       5929   gpio.o
       378         26          0          0          0       2012   sysctl.o
       148          0          0          0          0       2662   uart.o
        10          0          0          0          0        116   fpinit.o

    ----------------------------------------------------------------------
      2328         96        528          0        328      12407   Library Totals
        12          0          0          0          4          0   (incl. Padding)

    ----------------------------------------------------------------------

      Code (inc. data)   RO Data    RW Data    ZI Data      Debug   Library Name

      1326         62          0          0        324       1688   c_w.l
       980         34        528          0          0      10603   driverlib.lib
        10          0          0          0          0        116   fz_wm.l

    ----------------------------------------------------------------------
      2328         96        528          0        328      12407   Library Totals

    ----------------------------------------------------------------------

==============================================================================


      Code (inc. data)   RO Data    RW Data    ZI Data      Debug   

     13472       1222       1328        196       9316     139953   Grand Totals
     13472       1222       1328        196       9316     139953   ELF Image Totals
     13472       1222       1328        196          0          0   ROM Totals

==============================================================================

    Total RO  Size (Code + RO Data)                14800 (  14.45kB)
    Total RW  Size (RW Data + ZI Data)              9512 (   9.29kB)
    Total ROM Size (Code + RO Data + RW Data)      14996 (  14.64kB)

==============================================================================

